

=== REQUEST at 2026-01-23 09:02:52 ===
REQUEST_URI: /moodle/local/focusmonitor/save_event.php?attemptid=36


=== REQUEST at 2026-01-23 09:03:00 ===
REQUEST_URI: /moodle/local/focusmonitor/save_event.php?attemptid=36


=== REQUEST at 2026-01-23 09:03:01 ===
REQUEST_URI: /moodle/local/focusmonitor/save_event.php?attemptid=36


=== REQUEST at 2026-01-23 09:03:04 ===
REQUEST_URI: /moodle/local/focusmonitor/save_event.php?attemptid=36


=== REQUEST at 2026-01-23 09:09:33 ===
REQUEST_URI: /moodle/local/focusmonitor/save_event.php?attemptid=37


=== REQUEST at 2026-01-23 09:09:41 ===
REQUEST_URI: /moodle/local/focusmonitor/save_event.php?attemptid=37


=== REQUEST at 2026-01-23 09:09:46 ===
REQUEST_URI: /moodle/local/focusmonitor/save_event.php?attemptid=37


=== REQUEST at 2026-01-23 09:09:48 ===
REQUEST_URI: /moodle/local/focusmonitor/save_event.php?attemptid=37


=== REQUEST at 2026-01-23 09:10:01 ===
REQUEST_URI: /moodle/local/focusmonitor/save_event.php?attemptid=37


=== REQUEST at 2026-01-23 09:10:05 ===
REQUEST_URI: /moodle/local/focusmonitor/save_event.php?attemptid=37


=== REQUEST at 2026-01-23 09:16:17 ===


=== REQUEST at 2026-01-23 09:16:22 ===


=== REQUEST at 2026-01-23 09:16:31 ===


=== REQUEST at 2026-01-23 09:16:48 ===


=== REQUEST at 2026-01-23 09:16:57 ===


=== REQUEST at 2026-01-23 09:17:03 ===


=== REQUEST at 2026-01-23 09:20:45 ===


=== REQUEST at 2026-01-23 09:20:50 ===


=== REQUEST at 2026-01-23 09:20:55 ===


=== REQUEST at 2026-01-23 09:21:01 ===


=== REQUEST at 2026-01-23 09:21:04 ===


=== REQUEST at 2026-01-23 09:25:52 ===


=== REQUEST at 2026-01-23 09:25:54 ===


=== REQUEST at 2026-01-23 09:25:55 ===


=== REQUEST at 2026-01-23 09:25:58 ===


=== REQUEST at 2026-01-23 09:26:11 ===


=== REQUEST at 2026-01-23 09:26:12 ===


=== REQUEST at 2026-01-23 09:26:13 ===


=== REQUEST at 2026-01-23 09:27:55 ===


=== REQUEST at 2026-01-23 09:28:17 ===


=== REQUEST at 2026-01-23 09:40:12 ===


=== REQUEST at 2026-01-23 09:40:14 ===


=== REQUEST at 2026-01-23 09:40:15 ===


=== REQUEST at 2026-01-23 09:40:20 ===


=== REQUEST at 2026-01-23 09:47:14 ===


=== REQUEST at 2026-01-23 09:47:16 ===


=== REQUEST at 2026-01-23 09:47:17 ===


=== REQUEST at 2026-01-23 09:47:21 ===


=== REQUEST at 2026-01-23 09:54:32 ===


=== REQUEST at 2026-01-23 09:54:34 ===


=== REQUEST at 2026-01-23 09:54:41 ===


=== REQUEST at 2026-01-23 09:54:45 ===


=== REQUEST at 2026-01-23 09:55:58 ===


=== REQUEST at 2026-01-23 09:56:03 ===


=== REQUEST at 2026-01-23 09:56:03 ===


=== REQUEST at 2026-01-23 09:56:05 ===


=== REQUEST at 2026-01-23 09:56:24 ===


=== REQUEST at 2026-01-23 10:01:45 ===


=== REQUEST at 2026-01-23 10:02:14 ===


=== REQUEST at 2026-01-23 10:02:33 ===


=== REQUEST at 2026-01-23 10:02:47 ===


=== REQUEST at 2026-01-23 10:03:46 ===


=== REQUEST at 2026-01-23 10:03:59 ===


=== REQUEST at 2026-01-23 10:04:20 ===


=== REQUEST at 2026-01-23 10:04:35 ===


=== REQUEST at 2026-01-23 10:04:50 ===


=== REQUEST at 2026-01-23 10:05:05 ===


=== REQUEST at 2026-01-23 12:34:27 ===


=== REQUEST at 2026-01-23 12:34:47 ===


=== REQUEST at 2026-01-23 12:35:05 ===


=== REQUEST at 2026-01-23 12:42:27 ===


=== REQUEST at 2026-01-23 12:44:09 ===


=== REQUEST at 2026-01-23 12:44:22 ===


=== REQUEST at 2026-01-23 12:44:25 ===


=== REQUEST at 2026-01-23 12:44:27 ===


=== REQUEST at 2026-01-23 12:44:41 ===


=== REQUEST at 2026-01-23 12:46:36 ===


=== REQUEST at 2026-01-23 12:46:56 ===


=== REQUEST at 2026-01-23 12:47:44 ===


=== REQUEST at 2026-01-23 12:47:59 ===


=== REQUEST at 2026-01-23 12:48:14 ===


=== REQUEST at 2026-01-23 12:48:29 ===


=== REQUEST at 2026-01-23 12:48:47 ===


=== REQUEST at 2026-01-23 12:49:02 ===
User ID: 3
Attempt ID from URL: 50
Raw POST data: {"eventtype":"NO_FACE","warningcount":6,"duration":14}
Parsed - Event: NO_FACE, Count: 6, Duration: 14
Found/created log record ID: 120
BEFORE UPDATE - Tab: 0, Face: 0, Auto: 0
Updating NO_FACE: count=6
Executing SQL with params: Array
(
    [facewarning] => 6
    [lasttime] => 1769168942
    [id] => 120
)

SQL executed successfully
AFTER UPDATE - Tab: 0, Face: 6, Auto: 0
✓ SUCCESS: Face warning updated correctly to 6
=== REQUEST COMPLETED ===


=== REQUEST at 2026-01-23 12:49:17 ===
User ID: 3
Attempt ID from URL: 50
Raw POST data: {"eventtype":"NO_FACE","warningcount":7,"duration":14}
Parsed - Event: NO_FACE, Count: 7, Duration: 14
Found/created log record ID: 120
BEFORE UPDATE - Tab: 0, Face: 6, Auto: 0
Updating NO_FACE: count=7
Executing SQL with params: Array
(
    [facewarning] => 7
    [lasttime] => 1769168957
    [id] => 120
)

SQL executed successfully
AFTER UPDATE - Tab: 0, Face: 7, Auto: 0
✓ SUCCESS: Face warning updated correctly to 7
=== REQUEST COMPLETED ===


=== REQUEST at 2026-01-23 12:49:28 ===
User ID: 3
Attempt ID from URL: 50
Raw POST data: {"eventtype":"NO_FACE","warningcount":8,"duration":10}
Parsed - Event: NO_FACE, Count: 8, Duration: 10
Found/created log record ID: 120
BEFORE UPDATE - Tab: 0, Face: 7, Auto: 0
Updating NO_FACE: count=8
Executing SQL with params: Array
(
    [facewarning] => 8
    [lasttime] => 1769168972
    [id] => 120
)

SQL executed successfully
AFTER UPDATE - Tab: 0, Face: 8, Auto: 0
✓ SUCCESS: Face warning updated correctly to 8
=== REQUEST COMPLETED ===


=== REQUEST at 2026-01-23 12:49:33 ===
User ID: 3
Attempt ID from URL: 50
Raw POST data: {"eventtype":"NO_FACE","warningcount":9,"duration":4}
Parsed - Event: NO_FACE, Count: 9, Duration: 4
Found/created log record ID: 120
BEFORE UPDATE - Tab: 0, Face: 8, Auto: 0
Updating NO_FACE: count=9
Executing SQL with params: Array
(
    [facewarning] => 9
    [lasttime] => 1769168973
    [id] => 120
)

SQL executed successfully
AFTER UPDATE - Tab: 0, Face: 9, Auto: 0
✓ SUCCESS: Face warning updated correctly to 9
=== REQUEST COMPLETED ===


=== REQUEST at 2026-01-23 12:49:43 ===
User ID: 3
Attempt ID from URL: 50
Raw POST data: {"eventtype":"TAB_SWITCH","warningcount":3,"duration":0}
Parsed - Event: TAB_SWITCH, Count: 3, Duration: 0
Found/created log record ID: 120
BEFORE UPDATE - Tab: 0, Face: 9, Auto: 0
Updating TAB_SWITCH: count=3, auto_submitted=1
Executing SQL with params: Array
(
    [tabwarning] => 3
    [autosubmit] => 1
    [lasttime] => 1769168983
    [id] => 120
)

SQL executed successfully
AFTER UPDATE - Tab: 3, Face: 9, Auto: 1
✓ SUCCESS: Tab warning updated correctly to 3
=== REQUEST COMPLETED ===


=== REQUEST at 2026-01-23 12:49:57 ===
User ID: 3
Attempt ID from URL: 50
Raw POST data: {"eventtype":"TAB_SWITCH","warningcount":1,"duration":0}
Parsed - Event: TAB_SWITCH, Count: 1, Duration: 0
Found/created log record ID: 120
BEFORE UPDATE - Tab: 3, Face: 9, Auto: 1
Updating TAB_SWITCH: count=1, auto_submitted=0
Executing SQL with params: Array
(
    [tabwarning] => 1
    [autosubmit] => 0
    [lasttime] => 1769168998
    [id] => 120
)

SQL executed successfully
AFTER UPDATE - Tab: 1, Face: 9, Auto: 0
✓ SUCCESS: Tab warning updated correctly to 1
=== REQUEST COMPLETED ===


=== REQUEST at 2026-01-23 12:50:19 ===
User ID: 3
Attempt ID from URL: 50
Raw POST data: {"eventtype":"TAB_SWITCH","warningcount":2,"duration":0}
Parsed - Event: TAB_SWITCH, Count: 2, Duration: 0
Found/created log record ID: 120
BEFORE UPDATE - Tab: 1, Face: 9, Auto: 0
Updating TAB_SWITCH: count=2, auto_submitted=0
Executing SQL with params: Array
(
    [tabwarning] => 2
    [autosubmit] => 0
    [lasttime] => 1769169019
    [id] => 120
)

SQL executed successfully
AFTER UPDATE - Tab: 2, Face: 9, Auto: 0
✓ SUCCESS: Tab warning updated correctly to 2
=== REQUEST COMPLETED ===


=== REQUEST at 2026-01-23 12:50:37 ===


=== REQUEST at 2026-01-23 12:51:00 ===
User ID: 3
Attempt ID from URL: 50
Raw POST data: 
ERROR: Empty POST data


=== REQUEST at 2026-01-23 12:52:04 ===
User ID: 3
Attempt ID from URL: 50
Raw POST data: {"eventtype":"NO_FACE","warningcount":1,"duration":4}
Parsed - Event: NO_FACE, Count: 1, Duration: 4
Found/created log record ID: 120
BEFORE UPDATE - Tab: 2, Face: 9, Auto: 0
Updating NO_FACE: count=1
Executing SQL with params: Array
(
    [facewarning] => 1
    [lasttime] => 1769169124
    [id] => 120
)

SQL executed successfully
AFTER UPDATE - Tab: 2, Face: 1, Auto: 0
✓ SUCCESS: Face warning updated correctly to 1
=== REQUEST COMPLETED ===


=== REQUEST at 2026-01-23 12:52:13 ===
User ID: 3
Attempt ID from URL: 50
Raw POST data: {"eventtype":"TAB_SWITCH","warningcount":1,"duration":0}
Parsed - Event: TAB_SWITCH, Count: 1, Duration: 0
Found/created log record ID: 120
BEFORE UPDATE - Tab: 2, Face: 1, Auto: 0
Updating TAB_SWITCH: count=1, auto_submitted=0
Executing SQL with params: Array
(
    [tabwarning] => 1
    [autosubmit] => 0
    [lasttime] => 1769169133
    [id] => 120
)

SQL executed successfully
AFTER UPDATE - Tab: 1, Face: 1, Auto: 0
✓ SUCCESS: Tab warning updated correctly to 1
=== REQUEST COMPLETED ===


=== REQUEST at 2026-01-23 12:52:14 ===
User ID: 3
Attempt ID from URL: 50
Raw POST data: {"eventtype":"TAB_SWITCH","warningcount":2,"duration":0}
Parsed - Event: TAB_SWITCH, Count: 2, Duration: 0
Found/created log record ID: 120
BEFORE UPDATE - Tab: 1, Face: 1, Auto: 0
Updating TAB_SWITCH: count=2, auto_submitted=0
Executing SQL with params: Array
(
    [tabwarning] => 2
    [autosubmit] => 0
    [lasttime] => 1769169134
    [id] => 120
)

SQL executed successfully
AFTER UPDATE - Tab: 2, Face: 1, Auto: 0
✓ SUCCESS: Tab warning updated correctly to 2
=== REQUEST COMPLETED ===


=== REQUEST at 2026-01-23 12:52:18 ===
User ID: 3
Attempt ID from URL: 50
Raw POST data: {"eventtype":"TAB_SWITCH","warningcount":3,"duration":0}
Parsed - Event: TAB_SWITCH, Count: 3, Duration: 0
Found/created log record ID: 120
BEFORE UPDATE - Tab: 2, Face: 1, Auto: 0
Updating TAB_SWITCH: count=3, auto_submitted=1
Executing SQL with params: Array
(
    [tabwarning] => 3
    [autosubmit] => 1
    [lasttime] => 1769169138
    [id] => 120
)

SQL executed successfully
AFTER UPDATE - Tab: 3, Face: 1, Auto: 1
✓ SUCCESS: Tab warning updated correctly to 3
=== REQUEST COMPLETED ===


=== REQUEST at 2026-01-23 12:53:19 ===
User ID: 3
Attempt ID from URL: 51
Raw POST data: {"eventtype":"TAB_SWITCH","warningcount":1,"duration":0}
Parsed - Event: TAB_SWITCH, Count: 1, Duration: 0
Found/created log record ID: 142
BEFORE UPDATE - Tab: 0, Face: 0, Auto: 0
Updating TAB_SWITCH: count=1, auto_submitted=0
Executing SQL with params: Array
(
    [tabwarning] => 1
    [autosubmit] => 0
    [lasttime] => 1769169199
    [id] => 142
)

SQL executed successfully
AFTER UPDATE - Tab: 1, Face: 0, Auto: 0
✓ SUCCESS: Tab warning updated correctly to 1
=== REQUEST COMPLETED ===


=== REQUEST at 2026-01-23 12:53:20 ===
User ID: 3
Attempt ID from URL: 51
Raw POST data: {"eventtype":"TAB_SWITCH","warningcount":2,"duration":0}
Parsed - Event: TAB_SWITCH, Count: 2, Duration: 0
Found/created log record ID: 142
BEFORE UPDATE - Tab: 1, Face: 0, Auto: 0
Updating TAB_SWITCH: count=2, auto_submitted=0
Executing SQL with params: Array
(
    [tabwarning] => 2
    [autosubmit] => 0
    [lasttime] => 1769169200
    [id] => 142
)

SQL executed successfully
AFTER UPDATE - Tab: 2, Face: 0, Auto: 0
✓ SUCCESS: Tab warning updated correctly to 2
=== REQUEST COMPLETED ===


=== REQUEST at 2026-01-23 12:53:29 ===
User ID: 3
Attempt ID from URL: 51
Raw POST data: {"eventtype":"TAB_SWITCH","warningcount":3,"duration":0}
Parsed - Event: TAB_SWITCH, Count: 3, Duration: 0
Found/created log record ID: 142
BEFORE UPDATE - Tab: 2, Face: 0, Auto: 0
Updating TAB_SWITCH: count=3, auto_submitted=1
Executing SQL with params: Array
(
    [tabwarning] => 3
    [autosubmit] => 1
    [lasttime] => 1769169209
    [id] => 142
)

SQL executed successfully
AFTER UPDATE - Tab: 3, Face: 0, Auto: 1
✓ SUCCESS: Tab warning updated correctly to 3
=== REQUEST COMPLETED ===


=== REQUEST at 2026-01-23 12:54:55 ===
User ID: 5
Attempt ID from URL: 52
Raw POST data: {"eventtype":"TAB_SWITCH","warningcount":1,"duration":0}
Parsed - Event: TAB_SWITCH, Count: 1, Duration: 0
Found/created log record ID: 143
BEFORE UPDATE - Tab: 0, Face: 0, Auto: 0
Updating TAB_SWITCH: count=1, auto_submitted=0
Executing SQL with params: Array
(
    [tabwarning] => 1
    [autosubmit] => 0
    [lasttime] => 1769169295
    [id] => 143
)

SQL executed successfully
AFTER UPDATE - Tab: 1, Face: 0, Auto: 0
✓ SUCCESS: Tab warning updated correctly to 1
=== REQUEST COMPLETED ===


=== REQUEST at 2026-01-23 12:54:56 ===
User ID: 5
Attempt ID from URL: 52
Raw POST data: {"eventtype":"TAB_SWITCH","warningcount":2,"duration":0}
Parsed - Event: TAB_SWITCH, Count: 2, Duration: 0
Found/created log record ID: 143
BEFORE UPDATE - Tab: 1, Face: 0, Auto: 0
Updating TAB_SWITCH: count=2, auto_submitted=0
Executing SQL with params: Array
(
    [tabwarning] => 2
    [autosubmit] => 0
    [lasttime] => 1769169296
    [id] => 143
)

SQL executed successfully
AFTER UPDATE - Tab: 2, Face: 0, Auto: 0
✓ SUCCESS: Tab warning updated correctly to 2
=== REQUEST COMPLETED ===


=== REQUEST at 2026-01-23 12:55:02 ===
User ID: 5
Attempt ID from URL: 52
Raw POST data: {"eventtype":"NO_FACE","warningcount":1,"duration":4}
Parsed - Event: NO_FACE, Count: 1, Duration: 4
Found/created log record ID: 143
BEFORE UPDATE - Tab: 2, Face: 0, Auto: 0
Updating NO_FACE: count=1
Executing SQL with params: Array
(
    [facewarning] => 1
    [lasttime] => 1769169303
    [id] => 143
)

SQL executed successfully
AFTER UPDATE - Tab: 2, Face: 1, Auto: 0
✓ SUCCESS: Face warning updated correctly to 1
=== REQUEST COMPLETED ===


=== REQUEST at 2026-01-23 12:55:08 ===
User ID: 5
Attempt ID from URL: 52
Raw POST data: {"eventtype":"TAB_SWITCH","warningcount":3,"duration":0}
Parsed - Event: TAB_SWITCH, Count: 3, Duration: 0
Found/created log record ID: 143
BEFORE UPDATE - Tab: 2, Face: 1, Auto: 0
Updating TAB_SWITCH: count=3, auto_submitted=1
Executing SQL with params: Array
(
    [tabwarning] => 3
    [autosubmit] => 1
    [lasttime] => 1769169308
    [id] => 143
)

SQL executed successfully
AFTER UPDATE - Tab: 3, Face: 1, Auto: 1
✓ SUCCESS: Tab warning updated correctly to 3
=== REQUEST COMPLETED ===


=== REQUEST at 2026-01-23 12:57:24 ===
User ID: 3
Attempt ID from URL: 53
Raw POST data: {"eventtype":"NO_FACE","warningcount":1,"duration":4}
Parsed - Event: NO_FACE, Count: 1, Duration: 4
Found/created log record ID: 144
BEFORE UPDATE - Tab: 0, Face: 0, Auto: 0
Updating NO_FACE: count=1
Executing SQL with params: Array
(
    [facewarning] => 1
    [lasttime] => 1769169444
    [id] => 144
)

SQL executed successfully
AFTER UPDATE - Tab: 0, Face: 1, Auto: 0
✓ SUCCESS: Face warning updated correctly to 1
=== REQUEST COMPLETED ===


=== REQUEST at 2026-01-23 12:57:29 ===
User ID: 3
Attempt ID from URL: 53
Raw POST data: {"eventtype":"NO_FACE","warningcount":2,"duration":4}
Parsed - Event: NO_FACE, Count: 2, Duration: 4
Found/created log record ID: 144
BEFORE UPDATE - Tab: 0, Face: 1, Auto: 0
Updating NO_FACE: count=2
Executing SQL with params: Array
(
    [facewarning] => 2
    [lasttime] => 1769169449
    [id] => 144
)

SQL executed successfully
AFTER UPDATE - Tab: 0, Face: 2, Auto: 0
✓ SUCCESS: Face warning updated correctly to 2
=== REQUEST COMPLETED ===


=== REQUEST at 2026-01-23 12:57:34 ===
User ID: 3
Attempt ID from URL: 53
Raw POST data: {"eventtype":"TAB_SWITCH","warningcount":1,"duration":0}
Parsed - Event: TAB_SWITCH, Count: 1, Duration: 0
Found/created log record ID: 144
BEFORE UPDATE - Tab: 0, Face: 2, Auto: 0
Updating TAB_SWITCH: count=1, auto_submitted=0
Executing SQL with params: Array
(
    [tabwarning] => 1
    [autosubmit] => 0
    [lasttime] => 1769169454
    [id] => 144
)

SQL executed successfully
AFTER UPDATE - Tab: 1, Face: 2, Auto: 0
✓ SUCCESS: Tab warning updated correctly to 1
=== REQUEST COMPLETED ===


=== REQUEST at 2026-01-23 12:57:39 ===
User ID: 3
Attempt ID from URL: 53
Raw POST data: {"eventtype":"TAB_SWITCH","warningcount":2,"duration":0}
Parsed - Event: TAB_SWITCH, Count: 2, Duration: 0
Found/created log record ID: 144
BEFORE UPDATE - Tab: 1, Face: 2, Auto: 0
Updating TAB_SWITCH: count=2, auto_submitted=0
Executing SQL with params: Array
(
    [tabwarning] => 2
    [autosubmit] => 0
    [lasttime] => 1769169459
    [id] => 144
)

SQL executed successfully
AFTER UPDATE - Tab: 2, Face: 2, Auto: 0
✓ SUCCESS: Tab warning updated correctly to 2
=== REQUEST COMPLETED ===


=== REQUEST at 2026-01-23 16:39:05 ===
User ID: 3
Attempt ID from URL: 54
Raw POST data: {"eventtype":"NO_FACE","warningcount":1,"duration":4}
Parsed - Event: NO_FACE, Count: 1, Duration: 4
Found/created log record ID: 145
BEFORE UPDATE - Tab: 0, Face: 0, Auto: 0
Updating NO_FACE: count=1
Executing SQL with params: Array
(
    [facewarning] => 1
    [lasttime] => 1769182745
    [id] => 145
)

SQL executed successfully
AFTER UPDATE - Tab: 0, Face: 1, Auto: 0
✓ SUCCESS: Face warning updated correctly to 1
=== REQUEST COMPLETED ===


=== REQUEST at 2026-01-23 16:39:07 ===
User ID: 3
Attempt ID from URL: 54
Raw POST data: {"eventtype":"TAB_SWITCH","warningcount":1,"duration":0}
Parsed - Event: TAB_SWITCH, Count: 1, Duration: 0
Found/created log record ID: 145
BEFORE UPDATE - Tab: 0, Face: 1, Auto: 0
Updating TAB_SWITCH: count=1, auto_submitted=0
Executing SQL with params: Array
(
    [tabwarning] => 1
    [autosubmit] => 0
    [lasttime] => 1769182748
    [id] => 145
)

SQL executed successfully
AFTER UPDATE - Tab: 1, Face: 1, Auto: 0
✓ SUCCESS: Tab warning updated correctly to 1
=== REQUEST COMPLETED ===


=== REQUEST at 2026-01-23 16:39:13 ===
User ID: 3
Attempt ID from URL: 54
Raw POST data: {"eventtype":"TAB_SWITCH","warningcount":2,"duration":0}
Parsed - Event: TAB_SWITCH, Count: 2, Duration: 0
Found/created log record ID: 145
BEFORE UPDATE - Tab: 1, Face: 1, Auto: 0
Updating TAB_SWITCH: count=2, auto_submitted=0
Executing SQL with params: Array
(
    [tabwarning] => 2
    [autosubmit] => 0
    [lasttime] => 1769182753
    [id] => 145
)

SQL executed successfully
AFTER UPDATE - Tab: 2, Face: 1, Auto: 0
✓ SUCCESS: Tab warning updated correctly to 2
=== REQUEST COMPLETED ===


=== REQUEST at 2026-01-23 18:35:44 ===
User ID: 3
Attempt ID from URL: 55
Raw POST data: {"eventtype":"NO_FACE","warningcount":1,"duration":4}
Parsed - Event: NO_FACE, Count: 1, Duration: 4
Found/created log record ID: 146
BEFORE UPDATE - Tab: 0, Face: 0, Auto: 0
Updating NO_FACE: count=1
Executing SQL with params: Array
(
    [facewarning] => 1
    [lasttime] => 1769189744
    [id] => 146
)

SQL executed successfully
AFTER UPDATE - Tab: 0, Face: 1, Auto: 0
✓ SUCCESS: Face warning updated correctly to 1
=== REQUEST COMPLETED ===


=== REQUEST at 2026-01-23 18:35:49 ===
User ID: 3
Attempt ID from URL: 55
Raw POST data: {"eventtype":"NO_FACE","warningcount":2,"duration":4}
Parsed - Event: NO_FACE, Count: 2, Duration: 4
Found/created log record ID: 146
BEFORE UPDATE - Tab: 0, Face: 1, Auto: 0
Updating NO_FACE: count=2
Executing SQL with params: Array
(
    [facewarning] => 2
    [lasttime] => 1769189749
    [id] => 146
)

SQL executed successfully
AFTER UPDATE - Tab: 0, Face: 2, Auto: 0
✓ SUCCESS: Face warning updated correctly to 2
=== REQUEST COMPLETED ===


=== REQUEST at 2026-01-23 18:35:52 ===
User ID: 3
Attempt ID from URL: 55
Raw POST data: {"eventtype":"TAB_SWITCH","warningcount":1,"duration":0}
Parsed - Event: TAB_SWITCH, Count: 1, Duration: 0
Found/created log record ID: 146
BEFORE UPDATE - Tab: 0, Face: 2, Auto: 0
Updating TAB_SWITCH: count=1, auto_submitted=0
Executing SQL with params: Array
(
    [tabwarning] => 1
    [autosubmit] => 0
    [lasttime] => 1769189752
    [id] => 146
)

SQL executed successfully
AFTER UPDATE - Tab: 1, Face: 2, Auto: 0
✓ SUCCESS: Tab warning updated correctly to 1
=== REQUEST COMPLETED ===


=== REQUEST at 2026-01-23 18:35:53 ===
User ID: 3
Attempt ID from URL: 55
Raw POST data: {"eventtype":"TAB_SWITCH","warningcount":2,"duration":0}
Parsed - Event: TAB_SWITCH, Count: 2, Duration: 0
Found/created log record ID: 146
BEFORE UPDATE - Tab: 1, Face: 2, Auto: 0
Updating TAB_SWITCH: count=2, auto_submitted=0
Executing SQL with params: Array
(
    [tabwarning] => 2
    [autosubmit] => 0
    [lasttime] => 1769189753
    [id] => 146
)

SQL executed successfully
AFTER UPDATE - Tab: 2, Face: 2, Auto: 0
✓ SUCCESS: Tab warning updated correctly to 2
=== REQUEST COMPLETED ===


=== REQUEST at 2026-01-23 18:36:02 ===
User ID: 3
Attempt ID from URL: 55
Raw POST data: {"eventtype":"TAB_SWITCH","warningcount":3,"duration":0}
Parsed - Event: TAB_SWITCH, Count: 3, Duration: 0
Found/created log record ID: 146
BEFORE UPDATE - Tab: 2, Face: 2, Auto: 0
Updating TAB_SWITCH: count=3, auto_submitted=1
Executing SQL with params: Array
(
    [tabwarning] => 3
    [autosubmit] => 1
    [lasttime] => 1769189762
    [id] => 146
)

SQL executed successfully
AFTER UPDATE - Tab: 3, Face: 2, Auto: 1
✓ SUCCESS: Tab warning updated correctly to 3
=== REQUEST COMPLETED ===


=== REQUEST at 2026-01-23 18:38:06 ===
User ID: 3
Attempt ID from URL: 55
Raw POST data: {"eventtype":"NO_FACE","warningcount":1,"duration":4}
Parsed - Event: NO_FACE, Count: 1, Duration: 4
Found/created log record ID: 146
BEFORE UPDATE - Tab: 3, Face: 2, Auto: 1
Face not detected. Warning count from JS: 1
Updating NO_FACE: count=1
Executing SQL with params: Array
(
    [facewarning] => 1
    [lasttime] => 1769189886
    [id] => 146
)

SQL executed successfully
AFTER UPDATE - Tab: 3, Face: 1, Auto: 1
✓ SUCCESS: Face warning updated correctly to 1
=== REQUEST COMPLETED ===


=== REQUEST at 2026-01-23 18:38:11 ===
User ID: 3
Attempt ID from URL: 55
Raw POST data: {"eventtype":"TAB_SWITCH","warningcount":1,"duration":0}
Parsed - Event: TAB_SWITCH, Count: 1, Duration: 0
Found/created log record ID: 146
BEFORE UPDATE - Tab: 3, Face: 1, Auto: 1
Tab switch detected. Warning count from JS: 1
Auto-submit will be set to: 0 (count >= 3: false)
Updating TAB_SWITCH: count=1, auto_submitted=0
Executing SQL with params: Array
(
    [tabwarning] => 1
    [autosubmit] => 0
    [lasttime] => 1769189891
    [id] => 146
)

SQL executed successfully
AFTER UPDATE - Tab: 1, Face: 1, Auto: 0
✓ SUCCESS: Tab warning updated correctly to 1
=== REQUEST COMPLETED ===


=== REQUEST at 2026-01-23 18:38:12 ===
User ID: 3
Attempt ID from URL: 55
Raw POST data: {"eventtype":"TAB_SWITCH","warningcount":2,"duration":0}
Parsed - Event: TAB_SWITCH, Count: 2, Duration: 0
Found/created log record ID: 146
BEFORE UPDATE - Tab: 1, Face: 1, Auto: 0
Tab switch detected. Warning count from JS: 2
Auto-submit will be set to: 0 (count >= 3: false)
Updating TAB_SWITCH: count=2, auto_submitted=0
Executing SQL with params: Array
(
    [tabwarning] => 2
    [autosubmit] => 0
    [lasttime] => 1769189892
    [id] => 146
)

SQL executed successfully
AFTER UPDATE - Tab: 2, Face: 1, Auto: 0
✓ SUCCESS: Tab warning updated correctly to 2
=== REQUEST COMPLETED ===


=== REQUEST at 2026-01-23 18:38:16 ===
User ID: 3
Attempt ID from URL: 55
Raw POST data: {"eventtype":"TAB_SWITCH","warningcount":3,"duration":0}
Parsed - Event: TAB_SWITCH, Count: 3, Duration: 0
Found/created log record ID: 146
BEFORE UPDATE - Tab: 2, Face: 1, Auto: 0
Tab switch detected. Warning count from JS: 3
Auto-submit will be set to: 1 (count >= 3: true)
Updating TAB_SWITCH: count=3, auto_submitted=1
Executing SQL with params: Array
(
    [tabwarning] => 3
    [autosubmit] => 1
    [lasttime] => 1769189896
    [id] => 146
)

SQL executed successfully
AFTER UPDATE - Tab: 3, Face: 1, Auto: 1
✓ SUCCESS: Tab warning updated correctly to 3
=== REQUEST COMPLETED ===


=== REQUEST at 2026-01-23 18:39:15 ===
User ID: 3
Attempt ID from URL: 56
Raw POST data: {"eventtype":"NO_FACE","warningcount":1,"duration":4}
Parsed - Event: NO_FACE, Count: 1, Duration: 4
Found/created log record ID: 148
BEFORE UPDATE - Tab: 0, Face: 0, Auto: 0
Face not detected. Warning count from JS: 1
Updating NO_FACE: count=1
Executing SQL with params: Array
(
    [facewarning] => 1
    [lasttime] => 1769189955
    [id] => 148
)

SQL executed successfully
AFTER UPDATE - Tab: 0, Face: 1, Auto: 0
✓ SUCCESS: Face warning updated correctly to 1
=== REQUEST COMPLETED ===


=== REQUEST at 2026-01-23 18:39:17 ===
User ID: 3
Attempt ID from URL: 56
Raw POST data: {"eventtype":"TAB_SWITCH","warningcount":1,"duration":0}
Parsed - Event: TAB_SWITCH, Count: 1, Duration: 0
Found/created log record ID: 148
BEFORE UPDATE - Tab: 0, Face: 1, Auto: 0
Tab switch detected. Warning count from JS: 1
Auto-submit will be set to: 0 (count >= 3: false)
Updating TAB_SWITCH: count=1, auto_submitted=0
Executing SQL with params: Array
(
    [tabwarning] => 1
    [autosubmit] => 0
    [lasttime] => 1769189957
    [id] => 148
)

SQL executed successfully
AFTER UPDATE - Tab: 1, Face: 1, Auto: 0
✓ SUCCESS: Tab warning updated correctly to 1
=== REQUEST COMPLETED ===


=== REQUEST at 2026-01-23 18:39:18 ===
User ID: 3
Attempt ID from URL: 56
Raw POST data: {"eventtype":"TAB_SWITCH","warningcount":2,"duration":0}
Parsed - Event: TAB_SWITCH, Count: 2, Duration: 0
Found/created log record ID: 148
BEFORE UPDATE - Tab: 1, Face: 1, Auto: 0
Tab switch detected. Warning count from JS: 2
Auto-submit will be set to: 0 (count >= 3: false)
Updating TAB_SWITCH: count=2, auto_submitted=0
Executing SQL with params: Array
(
    [tabwarning] => 2
    [autosubmit] => 0
    [lasttime] => 1769189959
    [id] => 148
)

SQL executed successfully
AFTER UPDATE - Tab: 2, Face: 1, Auto: 0
✓ SUCCESS: Tab warning updated correctly to 2
=== REQUEST COMPLETED ===


=== REQUEST at 2026-01-23 18:39:21 ===
User ID: 3
Attempt ID from URL: 56
Raw POST data: {"eventtype":"TAB_SWITCH","warningcount":3,"duration":0}
Parsed - Event: TAB_SWITCH, Count: 3, Duration: 0
Found/created log record ID: 148
BEFORE UPDATE - Tab: 2, Face: 1, Auto: 0
Tab switch detected. Warning count from JS: 3
Auto-submit will be set to: 1 (count >= 3: true)
Updating TAB_SWITCH: count=3, auto_submitted=1
Executing SQL with params: Array
(
    [tabwarning] => 3
    [autosubmit] => 1
    [lasttime] => 1769189961
    [id] => 148
)

SQL executed successfully
AFTER UPDATE - Tab: 3, Face: 1, Auto: 1
✓ SUCCESS: Tab warning updated correctly to 3
=== REQUEST COMPLETED ===


=== REQUEST at 2026-01-23 18:45:43 ===
User ID: 5
Attempt ID from URL: 57
Raw POST data: {"eventtype":"TAB_SWITCH","warningcount":1,"duration":0}
Parsed - Event: TAB_SWITCH, Count received from JS: 1, Duration: 0
Found/created log record ID: 149
BEFORE UPDATE - Tab: 0, Face: 0, Auto: 0
Tab switch detected. Warning count from JS: 1 (saving as-is)
Auto-submit will be set to: 0 (count >= 3: false)
Updating TAB_SWITCH: count=1, auto_submitted=0
Executing SQL with params: Array
(
    [tabwarning] => 1
    [autosubmit] => 0
    [lasttime] => 1769190343
    [id] => 149
)

SQL executed successfully
AFTER UPDATE - Tab: 1, Face: 0, Auto: 0
✓ SUCCESS: Tab warning saved correctly as 1
=== REQUEST COMPLETED ===


=== REQUEST at 2026-01-23 18:45:52 ===
User ID: 5
Attempt ID from URL: 57
Raw POST data: {"eventtype":"TAB_SWITCH","warningcount":2,"duration":0}
Parsed - Event: TAB_SWITCH, Count received from JS: 2, Duration: 0
Found/created log record ID: 149
BEFORE UPDATE - Tab: 1, Face: 0, Auto: 0
Tab switch detected. Warning count from JS: 2 (saving as-is)
Auto-submit will be set to: 0 (count >= 3: false)
Updating TAB_SWITCH: count=2, auto_submitted=0
Executing SQL with params: Array
(
    [tabwarning] => 2
    [autosubmit] => 0
    [lasttime] => 1769190353
    [id] => 149
)

SQL executed successfully
AFTER UPDATE - Tab: 2, Face: 0, Auto: 0
✓ SUCCESS: Tab warning saved correctly as 2
=== REQUEST COMPLETED ===


=== REQUEST at 2026-01-24 06:32:07 ===
User ID: 2
Attempt ID from URL: 58
Raw POST data: {"eventtype":"NO_FACE","warningcount":1,"duration":4}
Parsed - Event: NO_FACE, Count received from JS: 1, Duration: 4
Found/created log record ID: 152
BEFORE UPDATE - Tab: 0, Face: 0, Auto: 0
Face not detected. Warning count from JS: 1
Updating NO_FACE: count=1
Executing SQL with params: Array
(
    [facewarning] => 1
    [lasttime] => 1769232728
    [id] => 152
)

SQL executed successfully
AFTER UPDATE - Tab: 0, Face: 1, Auto: 0
✓ SUCCESS: Face warning saved correctly as 1
=== REQUEST COMPLETED ===


=== REQUEST at 2026-01-24 06:32:13 ===
User ID: 2
Attempt ID from URL: 58
Raw POST data: {"eventtype":"TAB_SWITCH","warningcount":1,"duration":0}
Parsed - Event: TAB_SWITCH, Count received from JS: 1, Duration: 0
Found/created log record ID: 152
BEFORE UPDATE - Tab: 0, Face: 1, Auto: 0
Tab switch detected. Warning count from JS: 1 (saving as-is)
Auto-submit will be set to: 0 (count >= 3: false)
Updating TAB_SWITCH: count=1, auto_submitted=0
Executing SQL with params: Array
(
    [tabwarning] => 1
    [autosubmit] => 0
    [lasttime] => 1769232734
    [id] => 152
)

SQL executed successfully
AFTER UPDATE - Tab: 1, Face: 1, Auto: 0
✓ SUCCESS: Tab warning saved correctly as 1
=== REQUEST COMPLETED ===


=== REQUEST at 2026-01-24 06:32:20 ===
User ID: 2
Attempt ID from URL: 58
Raw POST data: {"eventtype":"NO_FACE","warningcount":2,"duration":4}
Parsed - Event: NO_FACE, Count received from JS: 2, Duration: 4
Found/created log record ID: 152
BEFORE UPDATE - Tab: 1, Face: 1, Auto: 0
Face not detected. Warning count from JS: 2
Updating NO_FACE: count=2
Executing SQL with params: Array
(
    [facewarning] => 2
    [lasttime] => 1769232741
    [id] => 152
)

SQL executed successfully
AFTER UPDATE - Tab: 1, Face: 2, Auto: 0
✓ SUCCESS: Face warning saved correctly as 2
=== REQUEST COMPLETED ===


=== REQUEST at 2026-01-24 06:32:39 ===
User ID: 2
Attempt ID from URL: 58
Raw POST data: {"eventtype":"TAB_SWITCH","warningcount":2,"duration":0}
Parsed - Event: TAB_SWITCH, Count received from JS: 2, Duration: 0
Found/created log record ID: 152
BEFORE UPDATE - Tab: 1, Face: 2, Auto: 0
Tab switch detected. Warning count from JS: 2 (saving as-is)
Auto-submit will be set to: 0 (count >= 3: false)
Updating TAB_SWITCH: count=2, auto_submitted=0
Executing SQL with params: Array
(
    [tabwarning] => 2
    [autosubmit] => 0
    [lasttime] => 1769232759
    [id] => 152
)

SQL executed successfully
AFTER UPDATE - Tab: 2, Face: 2, Auto: 0
✓ SUCCESS: Tab warning saved correctly as 2
=== REQUEST COMPLETED ===


=== REQUEST at 2026-01-24 06:35:40 ===
User ID: 2
Attempt ID from URL: 59
Raw POST data: {"eventtype":"TAB_SWITCH","warningcount":1,"duration":0}
Parsed - Event: TAB_SWITCH, Count received from JS: 1, Duration: 0
Found/created log record ID: 153
BEFORE UPDATE - Tab: 0, Face: 0, Auto: 0
Tab switch detected. Warning count from JS: 1 (saving as-is)
Auto-submit will be set to: 0 (count >= 3: false)
Updating TAB_SWITCH: count=1, auto_submitted=0
Executing SQL with params: Array
(
    [tabwarning] => 1
    [autosubmit] => 0
    [lasttime] => 1769232940
    [id] => 153
)

SQL executed successfully
AFTER UPDATE - Tab: 1, Face: 0, Auto: 0
✓ SUCCESS: Tab warning saved correctly as 1
=== REQUEST COMPLETED ===


=== REQUEST at 2026-01-24 06:35:48 ===
User ID: 2
Attempt ID from URL: 59
Raw POST data: {"eventtype":"TAB_SWITCH","warningcount":2,"duration":0}
Parsed - Event: TAB_SWITCH, Count received from JS: 2, Duration: 0
Found/created log record ID: 153
BEFORE UPDATE - Tab: 1, Face: 0, Auto: 0
Tab switch detected. Warning count from JS: 2 (saving as-is)
Auto-submit will be set to: 0 (count >= 3: false)
Updating TAB_SWITCH: count=2, auto_submitted=0
Executing SQL with params: Array
(
    [tabwarning] => 2
    [autosubmit] => 0
    [lasttime] => 1769232948
    [id] => 153
)

SQL executed successfully
AFTER UPDATE - Tab: 2, Face: 0, Auto: 0
✓ SUCCESS: Tab warning saved correctly as 2
=== REQUEST COMPLETED ===


=== REQUEST at 2026-01-24 06:38:30 ===
User ID: 2
Attempt ID from URL: 59
Raw POST data: {"eventtype":"TAB_SWITCH","warningcount":1,"duration":0}
Parsed - Event: TAB_SWITCH, Count received from JS: 1, Duration: 0
Found/created log record ID: 153
BEFORE UPDATE - Tab: 2, Face: 0, Auto: 0
Tab switch detected. Warning count from JS: 1 (saving as-is)
Auto-submit will be set to: 0 (count >= 3: false)
Updating TAB_SWITCH: count=1, auto_submitted=0
Executing SQL with params: Array
(
    [tabwarning] => 1
    [autosubmit] => 0
    [lasttime] => 1769233110
    [id] => 153
)

SQL executed successfully
AFTER UPDATE - Tab: 1, Face: 0, Auto: 0
✓ SUCCESS: Tab warning saved correctly as 1
=== REQUEST COMPLETED ===


=== REQUEST at 2026-01-24 06:40:44 ===
User ID: 2
Attempt ID from URL: 59
Raw POST data: {"eventtype":"TAB_SWITCH","warningcount":2,"duration":0}
Parsed - Event: TAB_SWITCH, Count received from JS: 2, Duration: 0
Found/created log record ID: 153
BEFORE UPDATE - Tab: 1, Face: 0, Auto: 0
Tab switch detected. Warning count from JS: 2 (saving as-is)
Auto-submit will be set to: 0 (count >= 3: false)
Updating TAB_SWITCH: count=2, auto_submitted=0
Executing SQL with params: Array
(
    [tabwarning] => 2
    [autosubmit] => 0
    [lasttime] => 1769233244
    [id] => 153
)

SQL executed successfully
AFTER UPDATE - Tab: 2, Face: 0, Auto: 0
✓ SUCCESS: Tab warning saved correctly as 2
=== REQUEST COMPLETED ===


=== REQUEST at 2026-01-24 06:41:27 ===
User ID: 2
Attempt ID from URL: 59
Raw POST data: {"eventtype":"NO_FACE","warningcount":1,"duration":4}
Parsed - Event: NO_FACE, Count received from JS: 1, Duration: 4
Found/created log record ID: 153
BEFORE UPDATE - Tab: 2, Face: 0, Auto: 0
Face not detected. Warning count from JS: 1
Updating NO_FACE: count=1
Executing SQL with params: Array
(
    [facewarning] => 1
    [lasttime] => 1769233287
    [id] => 153
)

SQL executed successfully
AFTER UPDATE - Tab: 2, Face: 1, Auto: 0
✓ SUCCESS: Face warning saved correctly as 1
=== REQUEST COMPLETED ===


=== REQUEST at 2026-01-24 06:41:36 ===
User ID: 2
Attempt ID from URL: 59
Raw POST data: {"eventtype":"TAB_SWITCH","warningcount":1,"duration":0}
Parsed - Event: TAB_SWITCH, Count received from JS: 1, Duration: 0
Found/created log record ID: 153
BEFORE UPDATE - Tab: 2, Face: 1, Auto: 0
Tab switch detected. Warning count from JS: 1 (saving as-is)
Auto-submit will be set to: 0 (count >= 3: false)
Updating TAB_SWITCH: count=1, auto_submitted=0
Executing SQL with params: Array
(
    [tabwarning] => 1
    [autosubmit] => 0
    [lasttime] => 1769233298
    [id] => 153
)

SQL executed successfully
AFTER UPDATE - Tab: 1, Face: 1, Auto: 0
✓ SUCCESS: Tab warning saved correctly as 1
=== REQUEST COMPLETED ===


=== REQUEST at 2026-01-24 06:42:37 ===
User ID: 2
Attempt ID from URL: 59
Raw POST data: {"eventtype":"TAB_SWITCH","warningcount":1,"duration":0}
Parsed - Event: TAB_SWITCH, Count received from JS: 1, Duration: 0
Found/created log record ID: 153
BEFORE UPDATE - Tab: 1, Face: 1, Auto: 0
Tab switch detected. Warning count from JS: 1 (saving as-is)
Auto-submit will be set to: 0 (count >= 3: false)
Updating TAB_SWITCH: count=1, auto_submitted=0
Executing SQL with params: Array
(
    [tabwarning] => 1
    [autosubmit] => 0
    [lasttime] => 1769233357
    [id] => 153
)

SQL executed successfully
AFTER UPDATE - Tab: 1, Face: 1, Auto: 0
✓ SUCCESS: Tab warning saved correctly as 1
=== REQUEST COMPLETED ===


=== REQUEST at 2026-01-24 06:43:22 ===
User ID: 2
Attempt ID from URL: 59
Raw POST data: {"eventtype":"TAB_SWITCH","warningcount":1,"duration":0}
Parsed - Event: TAB_SWITCH, Count received from JS: 1, Duration: 0
Found/created log record ID: 153
BEFORE UPDATE - Tab: 1, Face: 1, Auto: 0
Tab switch detected. Warning count from JS: 1 (saving as-is)
Auto-submit will be set to: 0 (count >= 3: false)
Updating TAB_SWITCH: count=1, auto_submitted=0
Executing SQL with params: Array
(
    [tabwarning] => 1
    [autosubmit] => 0
    [lasttime] => 1769233402
    [id] => 153
)

SQL executed successfully
AFTER UPDATE - Tab: 1, Face: 1, Auto: 0
✓ SUCCESS: Tab warning saved correctly as 1
=== REQUEST COMPLETED ===


=== REQUEST at 2026-01-24 06:44:26 ===
User ID: 2
Attempt ID from URL: 59
Raw POST data: {"eventtype":"TAB_SWITCH","warningcount":1,"duration":0}
Parsed - Event: TAB_SWITCH, Count received from JS: 1, Duration: 0
Found/created log record ID: 153
BEFORE UPDATE - Tab: 1, Face: 1, Auto: 0
Tab switch detected. Warning count from JS: 1 (saving as-is)
Auto-submit will be set to: 0 (count >= 3: false)
Updating TAB_SWITCH: count=1, auto_submitted=0
Executing SQL with params: Array
(
    [tabwarning] => 1
    [autosubmit] => 0
    [lasttime] => 1769233466
    [id] => 153
)

SQL executed successfully
AFTER UPDATE - Tab: 1, Face: 1, Auto: 0
✓ SUCCESS: Tab warning saved correctly as 1
=== REQUEST COMPLETED ===


=== REQUEST at 2026-01-24 06:44:51 ===
User ID: 2
Attempt ID from URL: 59
Raw POST data: {"eventtype":"TAB_SWITCH","warningcount":1,"duration":0}
Parsed - Event: TAB_SWITCH, Count received from JS: 1, Duration: 0
Found/created log record ID: 153
BEFORE UPDATE - Tab: 1, Face: 1, Auto: 0
Tab switch detected. Warning count from JS: 1 (saving as-is)
Auto-submit will be set to: 0 (count >= 3: false)
Updating TAB_SWITCH: count=1, auto_submitted=0
Executing SQL with params: Array
(
    [tabwarning] => 1
    [autosubmit] => 0
    [lasttime] => 1769233492
    [id] => 153
)

SQL executed successfully
AFTER UPDATE - Tab: 1, Face: 1, Auto: 0
✓ SUCCESS: Tab warning saved correctly as 1
=== REQUEST COMPLETED ===


=== REQUEST at 2026-01-24 07:01:00 ===
User ID: 3
Attempt ID from URL: 60
Raw POST data: {"eventtype":"NO_FACE","warningcount":1,"duration":4}
Parsed - Event: NO_FACE, Count received from JS: 1, Duration: 4
Found/created log record ID: 154
BEFORE UPDATE - Tab: 0, Face: 0, Auto: 0
Face not detected. Warning count from JS: 1
Updating NO_FACE: count=1
Executing SQL with params: Array
(
    [facewarning] => 1
    [lasttime] => 1769234460
    [id] => 154
)

SQL executed successfully
AFTER UPDATE - Tab: 0, Face: 1, Auto: 0
✓ SUCCESS: Face warning saved correctly as 1
=== REQUEST COMPLETED ===


=== REQUEST at 2026-01-24 07:01:07 ===
User ID: 3
Attempt ID from URL: 60
Raw POST data: {"eventtype":"TAB_SWITCH","warningcount":1,"duration":0}
Parsed - Event: TAB_SWITCH, Count received from JS: 1, Duration: 0
Found/created log record ID: 154
BEFORE UPDATE - Tab: 0, Face: 1, Auto: 0
Tab switch detected. Warning count from JS: 1 (saving as-is)
Auto-submit will be set to: 0 (count >= 3: false)
Updating TAB_SWITCH: count=1, auto_submitted=0
Executing SQL with params: Array
(
    [tabwarning] => 1
    [autosubmit] => 0
    [lasttime] => 1769234467
    [id] => 154
)

SQL executed successfully
AFTER UPDATE - Tab: 1, Face: 1, Auto: 0
✓ SUCCESS: Tab warning saved correctly as 1
=== REQUEST COMPLETED ===


=== REQUEST at 2026-01-24 07:01:18 ===
User ID: 3
Attempt ID from URL: 60
Raw POST data: {"eventtype":"TAB_SWITCH","warningcount":2,"duration":0}
Parsed - Event: TAB_SWITCH, Count received from JS: 2, Duration: 0
Found/created log record ID: 154
BEFORE UPDATE - Tab: 1, Face: 1, Auto: 0
Tab switch detected. Warning count from JS: 2 (saving as-is)
Auto-submit will be set to: 0 (count >= 3: false)
Updating TAB_SWITCH: count=2, auto_submitted=0
Executing SQL with params: Array
(
    [tabwarning] => 2
    [autosubmit] => 0
    [lasttime] => 1769234479
    [id] => 154
)

SQL executed successfully
AFTER UPDATE - Tab: 2, Face: 1, Auto: 0
✓ SUCCESS: Tab warning saved correctly as 2
=== REQUEST COMPLETED ===


=== REQUEST at 2026-01-24 07:04:54 ===
User ID: 2
Attempt ID from URL: 59
Raw POST data: {"eventtype":"TAB_SWITCH","warningcount":1,"duration":0}
Parsed - Event: TAB_SWITCH, Count received from JS: 1, Duration: 0
Found/created log record ID: 153
BEFORE UPDATE - Tab: 1, Face: 1, Auto: 0
Tab switch detected. Warning count from JS: 1 (saving as-is)
Auto-submit will be set to: 0 (count >= 3: false)
Updating TAB_SWITCH: count=1, auto_submitted=0
Executing SQL with params: Array
(
    [tabwarning] => 1
    [autosubmit] => 0
    [lasttime] => 1769234694
    [id] => 153
)

SQL executed successfully
AFTER UPDATE - Tab: 1, Face: 1, Auto: 0
✓ SUCCESS: Tab warning saved correctly as 1
=== REQUEST COMPLETED ===


=== REQUEST at 2026-01-24 08:01:08 ===
User ID: 3
Attempt ID from URL: 61
Raw POST data: {"eventtype":"NO_FACE","warningcount":1,"duration":4}
Parsed - Event: NO_FACE, Count received from JS: 1, Duration: 4
Found/created log record ID: 155
BEFORE UPDATE - Tab: 0, Face: 0, Auto: 0
Face not detected. Warning count from JS: 1
Updating NO_FACE: count=1
Executing SQL with params: Array
(
    [facewarning] => 1
    [lasttime] => 1769238068
    [id] => 155
)

SQL executed successfully
AFTER UPDATE - Tab: 0, Face: 1, Auto: 0
✓ SUCCESS: Face warning saved correctly as 1
=== REQUEST COMPLETED ===


=== REQUEST at 2026-01-24 08:01:12 ===
User ID: 3
Attempt ID from URL: 61
Raw POST data: {"eventtype":"TAB_SWITCH","warningcount":1,"duration":0}
Parsed - Event: TAB_SWITCH, Count received from JS: 1, Duration: 0
Found/created log record ID: 155
BEFORE UPDATE - Tab: 0, Face: 1, Auto: 0
Tab switch detected. Warning count from JS: 1 (saving as-is)
Auto-submit will be set to: 0 (count >= 3: false)
Updating TAB_SWITCH: count=1, auto_submitted=0
Executing SQL with params: Array
(
    [tabwarning] => 1
    [autosubmit] => 0
    [lasttime] => 1769238072
    [id] => 155
)

SQL executed successfully
AFTER UPDATE - Tab: 1, Face: 1, Auto: 0
✓ SUCCESS: Tab warning saved correctly as 1
=== REQUEST COMPLETED ===


=== REQUEST at 2026-01-24 08:01:13 ===
User ID: 3
Attempt ID from URL: 61
Raw POST data: {"eventtype":"TAB_SWITCH","warningcount":2,"duration":0}
Parsed - Event: TAB_SWITCH, Count received from JS: 2, Duration: 0
Found/created log record ID: 155
BEFORE UPDATE - Tab: 1, Face: 1, Auto: 0
Tab switch detected. Warning count from JS: 2 (saving as-is)
Auto-submit will be set to: 0 (count >= 3: false)
Updating TAB_SWITCH: count=2, auto_submitted=0
Executing SQL with params: Array
(
    [tabwarning] => 2
    [autosubmit] => 0
    [lasttime] => 1769238073
    [id] => 155
)

SQL executed successfully
AFTER UPDATE - Tab: 2, Face: 1, Auto: 0
✓ SUCCESS: Tab warning saved correctly as 2
=== REQUEST COMPLETED ===


=== REQUEST at 2026-01-24 08:01:14 ===
User ID: 3
Attempt ID from URL: 61
Raw POST data: {"eventtype":"TAB_SWITCH","warningcount":3,"duration":0}
Parsed - Event: TAB_SWITCH, Count received from JS: 3, Duration: 0
Found/created log record ID: 155
BEFORE UPDATE - Tab: 2, Face: 1, Auto: 0
Tab switch detected. Warning count from JS: 3 (saving as-is)
Auto-submit will be set to: 1 (count >= 3: true)
Updating TAB_SWITCH: count=3, auto_submitted=1
Executing SQL with params: Array
(
    [tabwarning] => 3
    [autosubmit] => 1
    [lasttime] => 1769238075
    [id] => 155
)

SQL executed successfully
AFTER UPDATE - Tab: 3, Face: 1, Auto: 1
✓ SUCCESS: Tab warning saved correctly as 3
=== REQUEST COMPLETED ===


=== REQUEST at 2026-01-24 08:03:24 ===
User ID: 3
Attempt ID from URL: 62
Raw POST data: {"eventtype":"TAB_SWITCH","warningcount":1,"duration":0}
Parsed - Event: TAB_SWITCH, Count received from JS: 1, Duration: 0
Found/created log record ID: 156
BEFORE UPDATE - Tab: 0, Face: 0, Auto: 0
Tab switch detected. Warning count from JS: 1 (saving as-is)
Auto-submit will be set to: 0 (count >= 3: false)
Updating TAB_SWITCH: count=1, auto_submitted=0
Executing SQL with params: Array
(
    [tabwarning] => 1
    [autosubmit] => 0
    [lasttime] => 1769238204
    [id] => 156
)

SQL executed successfully
AFTER UPDATE - Tab: 1, Face: 0, Auto: 0
✓ SUCCESS: Tab warning saved correctly as 1
=== REQUEST COMPLETED ===


=== REQUEST at 2026-01-24 08:03:25 ===
User ID: 3
Attempt ID from URL: 62
Raw POST data: {"eventtype":"TAB_SWITCH","warningcount":2,"duration":0}
Parsed - Event: TAB_SWITCH, Count received from JS: 2, Duration: 0
Found/created log record ID: 156
BEFORE UPDATE - Tab: 1, Face: 0, Auto: 0
Tab switch detected. Warning count from JS: 2 (saving as-is)
Auto-submit will be set to: 0 (count >= 3: false)
Updating TAB_SWITCH: count=2, auto_submitted=0
Executing SQL with params: Array
(
    [tabwarning] => 2
    [autosubmit] => 0
    [lasttime] => 1769238205
    [id] => 156
)

SQL executed successfully
AFTER UPDATE - Tab: 2, Face: 0, Auto: 0
✓ SUCCESS: Tab warning saved correctly as 2
=== REQUEST COMPLETED ===


=== REQUEST at 2026-01-24 08:03:26 ===
User ID: 3
Attempt ID from URL: 62
Raw POST data: {"eventtype":"NO_FACE","warningcount":1,"duration":4}
Parsed - Event: NO_FACE, Count received from JS: 1, Duration: 4
Found/created log record ID: 156
BEFORE UPDATE - Tab: 2, Face: 0, Auto: 0
Face not detected. Warning count from JS: 1
Updating NO_FACE: count=1
Executing SQL with params: Array
(
    [facewarning] => 1
    [lasttime] => 1769238206
    [id] => 156
)

SQL executed successfully
AFTER UPDATE - Tab: 2, Face: 1, Auto: 0
✓ SUCCESS: Face warning saved correctly as 1
=== REQUEST COMPLETED ===


=== REQUEST at 2026-01-24 08:03:30 ===
User ID: 3
Attempt ID from URL: 62
Raw POST data: {"eventtype":"TAB_SWITCH","warningcount":3,"duration":0}
Parsed - Event: TAB_SWITCH, Count received from JS: 3, Duration: 0
Found/created log record ID: 156
BEFORE UPDATE - Tab: 2, Face: 1, Auto: 0
Tab switch detected. Warning count from JS: 3 (saving as-is)
Auto-submit will be set to: 1 (count >= 3: true)
Updating TAB_SWITCH: count=3, auto_submitted=1
Executing SQL with params: Array
(
    [tabwarning] => 3
    [autosubmit] => 1
    [lasttime] => 1769238210
    [id] => 156
)

SQL executed successfully
AFTER UPDATE - Tab: 3, Face: 1, Auto: 1
✓ SUCCESS: Tab warning saved correctly as 3
=== REQUEST COMPLETED ===


=== REQUEST at 2026-01-24 08:12:24 ===
User ID: 5
Attempt ID from URL: 63
Raw POST data: {"eventtype":"NO_FACE","warningcount":1,"duration":4}
Parsed - Event: NO_FACE, Count received from JS: 1, Duration: 4
Found/created log record ID: 157
BEFORE UPDATE - Tab: 0, Face: 0, Auto: 0
Face not detected. Warning count from JS: 1
Updating NO_FACE: count=1
Executing SQL with params: Array
(
    [facewarning] => 1
    [lasttime] => 1769238745
    [id] => 157
)

SQL executed successfully
AFTER UPDATE - Tab: 0, Face: 1, Auto: 0
✓ SUCCESS: Face warning saved correctly as 1
=== REQUEST COMPLETED ===


=== REQUEST at 2026-01-24 08:13:32 ===
User ID: 5
Attempt ID from URL: 64
Raw POST data: {"eventtype":"TAB_SWITCH","warningcount":1,"duration":0}
Parsed - Event: TAB_SWITCH, Count received from JS: 1, Duration: 0
Found/created log record ID: 158
BEFORE UPDATE - Tab: 0, Face: 0, Auto: 0
Tab switch detected. Warning count from JS: 1 (saving as-is)
Auto-submit will be set to: 0 (count >= 3: false)
Updating TAB_SWITCH: count=1, auto_submitted=0
Executing SQL with params: Array
(
    [tabwarning] => 1
    [autosubmit] => 0
    [lasttime] => 1769238812
    [id] => 158
)

SQL executed successfully
AFTER UPDATE - Tab: 1, Face: 0, Auto: 0
✓ SUCCESS: Tab warning saved correctly as 1
=== REQUEST COMPLETED ===


=== REQUEST at 2026-01-24 08:13:36 ===


=== REQUEST at 2026-01-24 08:13:37 ===
User ID: 5
Attempt ID from URL: 64
Raw POST data: {"eventtype":"NO_FACE","warningcount":1,"duration":4}
Parsed - Event: NO_FACE, Count received from JS: 1, Duration: 4
Found/created log record ID: 158
BEFORE UPDATE - Tab: 1, Face: 0, Auto: 0
Face not detected. Warning count from JS: 1
Updating NO_FACE: count=1
Executing SQL with params: Array
(
    [facewarning] => 1
    [lasttime] => 1769238817
    [id] => 158
)

SQL executed successfully
AFTER UPDATE - Tab: 1, Face: 1, Auto: 0
✓ SUCCESS: Face warning saved correctly as 1
=== REQUEST COMPLETED ===
User ID: 5
Attempt ID from URL: 64
Raw POST data: {"eventtype":"TAB_SWITCH","warningcount":2,"duration":0}
Parsed - Event: TAB_SWITCH, Count received from JS: 2, Duration: 0
Found/created log record ID: 158
BEFORE UPDATE - Tab: 1, Face: 1, Auto: 0
Tab switch detected. Warning count from JS: 2 (saving as-is)
Auto-submit will be set to: 0 (count >= 3: false)
Updating TAB_SWITCH: count=2, auto_submitted=0
Executing SQL with params: Array
(
    [tabwarning] => 2
    [autosubmit] => 0
    [lasttime] => 1769238817
    [id] => 158
)

SQL executed successfully
AFTER UPDATE - Tab: 2, Face: 1, Auto: 0
✓ SUCCESS: Tab warning saved correctly as 2
=== REQUEST COMPLETED ===


=== REQUEST at 2026-01-24 08:38:27 ===
User ID: 3
Attempt ID from URL: 65
Raw POST data: {"eventtype":"TAB_SWITCH","warningcount":1,"duration":0}
Parsed - Event: TAB_SWITCH, Count from JS: 1, Duration: 0
Found/created log record ID: 159
BEFORE UPDATE - Tab: 0, Face: 0, Auto: 0
Tab switch/camera event. Saving count: 1
Auto-submit flag: 0 (count=1)
Updating TAB_SWITCH: count=1, auto_submitted=0
Executing SQL with params: Array
(
    [tabwarning] => 1
    [autosubmit] => 0
    [lasttime] => 1769240307
    [id] => 159
)

SQL executed successfully
AFTER UPDATE - Tab: 1, Face: 0, Auto: 0
✓ SUCCESS: Tab warning saved correctly as 1
=== REQUEST COMPLETED ===


=== REQUEST at 2026-01-24 08:38:29 ===
User ID: 3
Attempt ID from URL: 65
Raw POST data: {"eventtype":"TAB_SWITCH","warningcount":2,"duration":0}
Parsed - Event: TAB_SWITCH, Count from JS: 2, Duration: 0
Found/created log record ID: 159
BEFORE UPDATE - Tab: 1, Face: 0, Auto: 0
Tab switch/camera event. Saving count: 2
Auto-submit flag: 0 (count=2)
Updating TAB_SWITCH: count=2, auto_submitted=0
Executing SQL with params: Array
(
    [tabwarning] => 2
    [autosubmit] => 0
    [lasttime] => 1769240310
    [id] => 159
)

SQL executed successfully
AFTER UPDATE - Tab: 2, Face: 0, Auto: 0
✓ SUCCESS: Tab warning saved correctly as 2
=== REQUEST COMPLETED ===


=== REQUEST at 2026-01-24 08:39:08 ===
User ID: 3
Attempt ID from URL: 65
Raw POST data: {"eventtype":"TAB_SWITCH","warningcount":1,"duration":0}
Parsed - Event: TAB_SWITCH, Count from JS: 1, Duration: 0
Found/created log record ID: 159
BEFORE UPDATE - Tab: 2, Face: 0, Auto: 0
Tab switch/camera event. Saving count: 1
Auto-submit flag: 0 (count=1)
Updating TAB_SWITCH: count=1, auto_submitted=0
Executing SQL with params: Array
(
    [tabwarning] => 1
    [autosubmit] => 0
    [lasttime] => 1769240348
    [id] => 159
)

SQL executed successfully
AFTER UPDATE - Tab: 1, Face: 0, Auto: 0
✓ SUCCESS: Tab warning saved correctly as 1
=== REQUEST COMPLETED ===


=== REQUEST at 2026-01-24 08:39:12 ===
User ID: 3
Attempt ID from URL: 65
Raw POST data: {"eventtype":"TAB_SWITCH","warningcount":2,"duration":0}
Parsed - Event: TAB_SWITCH, Count from JS: 2, Duration: 0
Found/created log record ID: 159
BEFORE UPDATE - Tab: 1, Face: 0, Auto: 0
Tab switch/camera event. Saving count: 2
Auto-submit flag: 0 (count=2)
Updating TAB_SWITCH: count=2, auto_submitted=0
Executing SQL with params: Array
(
    [tabwarning] => 2
    [autosubmit] => 0
    [lasttime] => 1769240353
    [id] => 159
)

SQL executed successfully
AFTER UPDATE - Tab: 2, Face: 0, Auto: 0
✓ SUCCESS: Tab warning saved correctly as 2
=== REQUEST COMPLETED ===


=== REQUEST at 2026-01-24 08:39:16 ===
User ID: 3
Attempt ID from URL: 65
Raw POST data: {"eventtype":"TAB_SWITCH","warningcount":3,"duration":0}
Parsed - Event: TAB_SWITCH, Count from JS: 3, Duration: 0
Found/created log record ID: 159
BEFORE UPDATE - Tab: 2, Face: 0, Auto: 0
Tab switch/camera event. Saving count: 3
Auto-submit flag: 1 (count=3)
Updating TAB_SWITCH: count=3, auto_submitted=1
Executing SQL with params: Array
(
    [tabwarning] => 3
    [autosubmit] => 1
    [lasttime] => 1769240356
    [id] => 159
)

SQL executed successfully
AFTER UPDATE - Tab: 3, Face: 0, Auto: 1
✓ SUCCESS: Tab warning saved correctly as 3
=== REQUEST COMPLETED ===


=== REQUEST at 2026-01-24 08:39:52 ===
User ID: 3
Attempt ID from URL: 66
Raw POST data: {"eventtype":"TAB_SWITCH","warningcount":1,"duration":0}
Parsed - Event: TAB_SWITCH, Count from JS: 1, Duration: 0
Found/created log record ID: 161
BEFORE UPDATE - Tab: 0, Face: 0, Auto: 0
Tab switch/camera event. Saving count: 1
Auto-submit flag: 0 (count=1)
Updating TAB_SWITCH: count=1, auto_submitted=0
Executing SQL with params: Array
(
    [tabwarning] => 1
    [autosubmit] => 0
    [lasttime] => 1769240392
    [id] => 161
)

SQL executed successfully
AFTER UPDATE - Tab: 1, Face: 0, Auto: 0
✓ SUCCESS: Tab warning saved correctly as 1
=== REQUEST COMPLETED ===


=== REQUEST at 2026-01-24 08:40:00 ===
User ID: 3
Attempt ID from URL: 66
Raw POST data: {"eventtype":"NO_FACE","warningcount":1,"duration":4}
Parsed - Event: NO_FACE, Count from JS: 1, Duration: 4
Found/created log record ID: 161
BEFORE UPDATE - Tab: 1, Face: 0, Auto: 0
Face not detected. Saving count: 1
Updating NO_FACE: count=1
Executing SQL with params: Array
(
    [facewarning] => 1
    [lasttime] => 1769240400
    [id] => 161
)

SQL executed successfully
AFTER UPDATE - Tab: 1, Face: 1, Auto: 0
✓ SUCCESS: Face warning saved correctly as 1
=== REQUEST COMPLETED ===


=== REQUEST at 2026-01-24 08:40:06 ===
User ID: 3
Attempt ID from URL: 66
Raw POST data: {"eventtype":"TAB_SWITCH","warningcount":2,"duration":0}
Parsed - Event: TAB_SWITCH, Count from JS: 2, Duration: 0
Found/created log record ID: 161
BEFORE UPDATE - Tab: 1, Face: 1, Auto: 0
Tab switch/camera event. Saving count: 2
Auto-submit flag: 0 (count=2)
Updating TAB_SWITCH: count=2, auto_submitted=0
Executing SQL with params: Array
(
    [tabwarning] => 2
    [autosubmit] => 0
    [lasttime] => 1769240406
    [id] => 161
)

SQL executed successfully
AFTER UPDATE - Tab: 2, Face: 1, Auto: 0
✓ SUCCESS: Tab warning saved correctly as 2
=== REQUEST COMPLETED ===


=== REQUEST at 2026-01-24 08:46:10 ===
User ID: 3
Attempt ID from URL: 67
Raw POST data: {"eventtype":"TAB_SWITCH","warningcount":1,"duration":0}
Parsed - Event: TAB_SWITCH, Count from JS: 1, Duration: 0
Found/created log record ID: 163
BEFORE UPDATE - Tab: 0, Face: 0, Auto: 0
Tab switch/camera event. Saving EXACT count from JS: 1
IMPORTANT: This is NOT an increment - this is the total count
Auto-submit flag: 0 (count=1 >= 3)
SQL will SET tab_switch_warning = 1 (REPLACE, not ADD)
SQL params: {"tabwarning":1,"autosubmit":0,"lasttime":1769240770,"id":"163"}
Executing SQL with params: Array
(
    [tabwarning] => 1
    [autosubmit] => 0
    [lasttime] => 1769240770
    [id] => 163
)

SQL executed successfully
AFTER UPDATE - Tab: 1, Face: 0, Auto: 0
✓ SUCCESS: Tab warning saved correctly as 1
=== REQUEST COMPLETED ===


=== REQUEST at 2026-01-24 08:46:18 ===
User ID: 3
Attempt ID from URL: 67
Raw POST data: {"eventtype":"TAB_SWITCH","warningcount":2,"duration":0}
Parsed - Event: TAB_SWITCH, Count from JS: 2, Duration: 0
Found/created log record ID: 163
BEFORE UPDATE - Tab: 1, Face: 0, Auto: 0
Tab switch/camera event. Saving EXACT count from JS: 2
IMPORTANT: This is NOT an increment - this is the total count
Auto-submit flag: 0 (count=2 >= 3)
SQL will SET tab_switch_warning = 2 (REPLACE, not ADD)
SQL params: {"tabwarning":2,"autosubmit":0,"lasttime":1769240778,"id":"163"}
Executing SQL with params: Array
(
    [tabwarning] => 2
    [autosubmit] => 0
    [lasttime] => 1769240778
    [id] => 163
)

SQL executed successfully
AFTER UPDATE - Tab: 2, Face: 0, Auto: 0
✓ SUCCESS: Tab warning saved correctly as 2
=== REQUEST COMPLETED ===


=== REQUEST at 2026-01-24 08:55:05 ===
User ID: 3
Attempt ID from URL: 68
Raw POST data: {"eventtype":"TAB_SWITCH","warningcount":1,"duration":0}
Parsed - Event: TAB_SWITCH, Count from JS: 1, Duration: 0
Found/created log record ID: 162
BEFORE UPDATE - Tab: 0, Face: 0, Auto: 0
Tab switch/camera event. Saving EXACT count from JS: 1
IMPORTANT: This is NOT an increment - this is the total count
Auto-submit flag: 0 (count=1 >= 3)
SQL will SET tab_switch_warning = 1 (REPLACE, not ADD)
SQL params: {"tabwarning":1,"autosubmit":0,"lasttime":1769241305,"id":"162"}
Executing SQL with params: Array
(
    [tabwarning] => 1
    [autosubmit] => 0
    [lasttime] => 1769241305
    [id] => 162
)

SQL executed successfully
AFTER UPDATE - Tab: 1, Face: 0, Auto: 0
✓ SUCCESS: Tab warning saved correctly as 1
=== REQUEST COMPLETED ===


=== REQUEST at 2026-01-24 08:55:26 ===
User ID: 3
Attempt ID from URL: 68
Raw POST data: {"eventtype":"TAB_SWITCH","warningcount":1,"duration":0}
Parsed - Event: TAB_SWITCH, Count from JS: 1, Duration: 0
Found/created log record ID: 162
BEFORE UPDATE - Tab: 1, Face: 0, Auto: 0
Tab switch/camera event. Saving EXACT count from JS: 1
IMPORTANT: This is NOT an increment - this is the total count
Auto-submit flag: 0 (count=1 >= 3)
SQL will SET tab_switch_warning = 1 (REPLACE, not ADD)
SQL params: {"tabwarning":1,"autosubmit":0,"lasttime":1769241326,"id":"162"}
Executing SQL with params: Array
(
    [tabwarning] => 1
    [autosubmit] => 0
    [lasttime] => 1769241326
    [id] => 162
)

SQL executed successfully
AFTER UPDATE - Tab: 1, Face: 0, Auto: 0
✓ SUCCESS: Tab warning saved correctly as 1
=== REQUEST COMPLETED ===


=== REQUEST at 2026-01-24 08:55:48 ===
User ID: 3
Attempt ID from URL: 68
Raw POST data: {"eventtype":"TAB_SWITCH","warningcount":1,"duration":0}
Parsed - Event: TAB_SWITCH, Count from JS: 1, Duration: 0
Found/created log record ID: 162
BEFORE UPDATE - Tab: 1, Face: 0, Auto: 0
Tab switch/camera event. Saving EXACT count from JS: 1
IMPORTANT: This is NOT an increment - this is the total count
Auto-submit flag: 0 (count=1 >= 3)
SQL will SET tab_switch_warning = 1 (REPLACE, not ADD)
SQL params: {"tabwarning":1,"autosubmit":0,"lasttime":1769241348,"id":"162"}
Executing SQL with params: Array
(
    [tabwarning] => 1
    [autosubmit] => 0
    [lasttime] => 1769241348
    [id] => 162
)

SQL executed successfully
AFTER UPDATE - Tab: 1, Face: 0, Auto: 0
✓ SUCCESS: Tab warning saved correctly as 1
=== REQUEST COMPLETED ===


=== REQUEST at 2026-01-24 08:56:14 ===


=== REQUEST at 2026-01-24 09:03:18 ===
User ID: 3
Attempt ID from URL: 68
Raw POST data: 
ERROR: Empty POST data


=== REQUEST at 2026-01-24 09:03:23 ===


=== REQUEST at 2026-01-24 09:03:26 ===
User ID: 3
Attempt ID from URL: 68
Raw POST data: 
ERROR: Empty POST data


=== REQUEST at 2026-01-24 09:04:28 ===
User ID: 5
Attempt ID from URL: 69
Raw POST data: {"eventtype":"TAB_SWITCH","warningcount":1,"duration":1}
Parsed - Event: TAB_SWITCH, Count from JS: 1, Duration: 1
Found/created log record ID: 166
BEFORE UPDATE - Tab: 0, Face: 0, Auto: 0
Tab switch/camera event. Saving EXACT count from JS: 1
IMPORTANT: This is NOT an increment - this is the total count
Auto-submit flag: 0 (count=1 >= 3)
SQL will SET tab_switch_warning = 1 (REPLACE, not ADD)
SQL params: {"tabwarning":1,"autosubmit":0,"lasttime":1769241868,"id":"166"}
Executing SQL with params: Array
(
    [tabwarning] => 1
    [autosubmit] => 0
    [lasttime] => 1769241868
    [id] => 166
)

SQL executed successfully
AFTER UPDATE - Tab: 1, Face: 0, Auto: 0
✓ SUCCESS: Tab warning saved correctly as 1
=== REQUEST COMPLETED ===


=== REQUEST at 2026-01-24 09:04:33 ===
User ID: 5
Attempt ID from URL: 69
Raw POST data: {"eventtype":"TAB_SWITCH","warningcount":2,"duration":2}
Parsed - Event: TAB_SWITCH, Count from JS: 2, Duration: 2
Found/created log record ID: 166
BEFORE UPDATE - Tab: 1, Face: 0, Auto: 0
Tab switch/camera event. Saving EXACT count from JS: 2
IMPORTANT: This is NOT an increment - this is the total count
Auto-submit flag: 0 (count=2 >= 3)
SQL will SET tab_switch_warning = 2 (REPLACE, not ADD)
SQL params: {"tabwarning":2,"autosubmit":0,"lasttime":1769241873,"id":"166"}
Executing SQL with params: Array
(
    [tabwarning] => 2
    [autosubmit] => 0
    [lasttime] => 1769241873
    [id] => 166
)

SQL executed successfully
AFTER UPDATE - Tab: 2, Face: 0, Auto: 0
✓ SUCCESS: Tab warning saved correctly as 2
=== REQUEST COMPLETED ===


=== REQUEST at 2026-01-24 09:11:04 ===
User ID: 4
Attempt ID from URL: 70
Raw POST data: {"eventtype":"TAB_SWITCH","warningcount":1,"duration":1}
Parsed - Event: TAB_SWITCH, Count from JS: 1, Duration: 1
Found/created log record ID: 167
BEFORE UPDATE - Tab: 0, Face: 0, Auto: 0
Tab switch/camera event. Saving EXACT count from JS: 1
IMPORTANT: This is NOT an increment - this is the total count
Auto-submit flag: 0 (count=1 >= 3)
SQL will SET tab_switch_warning = 1 (REPLACE, not ADD)
SQL params: {"tabwarning":1,"autosubmit":0,"lasttime":1769242264,"id":"167"}
Executing SQL with params: Array
(
    [tabwarning] => 1
    [autosubmit] => 0
    [lasttime] => 1769242264
    [id] => 167
)

SQL executed successfully
AFTER UPDATE - Tab: 1, Face: 0, Auto: 0
✓ SUCCESS: Tab warning saved correctly as 1
=== REQUEST COMPLETED ===


=== REQUEST at 2026-01-24 09:11:11 ===
User ID: 4
Attempt ID from URL: 70
Raw POST data: {"eventtype":"TAB_SWITCH","warningcount":2,"duration":2}
Parsed - Event: TAB_SWITCH, Count from JS: 2, Duration: 2
Found/created log record ID: 167
BEFORE UPDATE - Tab: 1, Face: 0, Auto: 0
Tab switch/camera event. Saving EXACT count from JS: 2
IMPORTANT: This is NOT an increment - this is the total count
Auto-submit flag: 0 (count=2 >= 3)
SQL will SET tab_switch_warning = 2 (REPLACE, not ADD)
SQL params: {"tabwarning":2,"autosubmit":0,"lasttime":1769242271,"id":"167"}
Executing SQL with params: Array
(
    [tabwarning] => 2
    [autosubmit] => 0
    [lasttime] => 1769242271
    [id] => 167
)

SQL executed successfully
AFTER UPDATE - Tab: 2, Face: 0, Auto: 0
✓ SUCCESS: Tab warning saved correctly as 2
=== REQUEST COMPLETED ===


=== REQUEST at 2026-01-24 09:12:43 ===
User ID: 3
Attempt ID from URL: 68
Raw POST data: {"eventtype":"TAB_SWITCH","warningcount":1,"duration":0}
Parsed - Event: TAB_SWITCH, Count from JS: 1, Duration: 0
Found/created log record ID: 162
BEFORE UPDATE - Tab: 1, Face: 0, Auto: 0
Tab switch/camera event. Saving EXACT count from JS: 1
IMPORTANT: This is NOT an increment - this is the total count
Auto-submit flag: 0 (count=1 >= 3)
SQL will SET tab_switch_warning = 1 (REPLACE, not ADD)
SQL params: {"tabwarning":1,"autosubmit":0,"lasttime":1769242363,"id":"162"}
Executing SQL with params: Array
(
    [tabwarning] => 1
    [autosubmit] => 0
    [lasttime] => 1769242363
    [id] => 162
)

SQL executed successfully
AFTER UPDATE - Tab: 1, Face: 0, Auto: 0
✓ SUCCESS: Tab warning saved correctly as 1
=== REQUEST COMPLETED ===


=== REQUEST at 2026-01-24 09:13:02 ===
User ID: 5
Attempt ID from URL: 71
Raw POST data: {"eventtype":"TAB_SWITCH","warningcount":1,"duration":0}
Parsed - Event: TAB_SWITCH, Count from JS: 1, Duration: 0
Found/created log record ID: 169
BEFORE UPDATE - Tab: 0, Face: 0, Auto: 0
Tab switch/camera event. Saving EXACT count from JS: 1
IMPORTANT: This is NOT an increment - this is the total count
Auto-submit flag: 0 (count=1 >= 3)
SQL will SET tab_switch_warning = 1 (REPLACE, not ADD)
SQL params: {"tabwarning":1,"autosubmit":0,"lasttime":1769242382,"id":"169"}
Executing SQL with params: Array
(
    [tabwarning] => 1
    [autosubmit] => 0
    [lasttime] => 1769242382
    [id] => 169
)

SQL executed successfully
AFTER UPDATE - Tab: 1, Face: 0, Auto: 0
✓ SUCCESS: Tab warning saved correctly as 1
=== REQUEST COMPLETED ===


=== REQUEST at 2026-01-24 09:13:08 ===
User ID: 5
Attempt ID from URL: 71
Raw POST data: {"eventtype":"TAB_SWITCH","warningcount":2,"duration":0}
Parsed - Event: TAB_SWITCH, Count from JS: 2, Duration: 0
Found/created log record ID: 169
BEFORE UPDATE - Tab: 1, Face: 0, Auto: 0
Tab switch/camera event. Saving EXACT count from JS: 2
IMPORTANT: This is NOT an increment - this is the total count
Auto-submit flag: 0 (count=2 >= 3)
SQL will SET tab_switch_warning = 2 (REPLACE, not ADD)
SQL params: {"tabwarning":2,"autosubmit":0,"lasttime":1769242388,"id":"169"}
Executing SQL with params: Array
(
    [tabwarning] => 2
    [autosubmit] => 0
    [lasttime] => 1769242388
    [id] => 169
)

SQL executed successfully
AFTER UPDATE - Tab: 2, Face: 0, Auto: 0
✓ SUCCESS: Tab warning saved correctly as 2
=== REQUEST COMPLETED ===


=== REQUEST at 2026-01-24 09:51:03 ===
User ID: 5
Attempt ID from URL: 72
Raw POST data: {"eventtype":"TAB_SWITCH","warningcount":1,"duration":0}
Parsed - Event: TAB_SWITCH, Count from JS: 1, Duration: 0
Found/created log record ID: 170
BEFORE UPDATE - Tab: 0, Face: 0, Auto: 0
Tab switch event. Saving EXACT count from JS: 1
IMPORTANT: This is NOT an increment - this is the total count
Auto-submit flag: 0 (count=1 >= 3)
SQL will SET tab_switch_warning = 1 (REPLACE, not ADD)
Executing SQL with params: Array
(
    [tabwarning] => 1
    [autosubmit] => 0
    [lasttime] => 1769244664
    [id] => 170
)

SQL executed successfully
AFTER UPDATE - Tab: 1, Face: 0, Auto: 0
✓ SUCCESS: Tab warning saved correctly as 1
=== REQUEST COMPLETED ===


=== REQUEST at 2026-01-24 09:51:10 ===
User ID: 5
Attempt ID from URL: 72
Raw POST data: {"eventtype":"TAB_SWITCH","warningcount":2,"duration":0}
Parsed - Event: TAB_SWITCH, Count from JS: 2, Duration: 0
Found/created log record ID: 170
BEFORE UPDATE - Tab: 1, Face: 0, Auto: 0
Tab switch event. Saving EXACT count from JS: 2
IMPORTANT: This is NOT an increment - this is the total count
Auto-submit flag: 0 (count=2 >= 3)
SQL will SET tab_switch_warning = 2 (REPLACE, not ADD)
Executing SQL with params: Array
(
    [tabwarning] => 2
    [autosubmit] => 0
    [lasttime] => 1769244670
    [id] => 170
)

SQL executed successfully
AFTER UPDATE - Tab: 2, Face: 0, Auto: 0
✓ SUCCESS: Tab warning saved correctly as 2
=== REQUEST COMPLETED ===


=== REQUEST at 2026-01-24 09:56:06 ===
User ID: 5
Attempt ID from URL: 73
Raw POST data: {"eventtype":"TAB_SWITCH","warningcount":1,"duration":0}
Parsed - Event: TAB_SWITCH, Count from JS: 1, Duration: 0
Found/created log record ID: 150
BEFORE UPDATE - Tab: 0, Face: 0, Auto: 0
Tab switch event. Saving EXACT count from JS: 1
IMPORTANT: This is NOT an increment - this is the total count
Auto-submit flag: 0 (count=1 >= 3)
SQL will SET tab_switch_warning = 1 (REPLACE, not ADD)
Executing SQL with params: Array
(
    [tabwarning] => 1
    [autosubmit] => 0
    [lasttime] => 1769244966
    [id] => 150
)

SQL executed successfully
AFTER UPDATE - Tab: 1, Face: 0, Auto: 0
✓ SUCCESS: Tab warning saved correctly as 1
=== REQUEST COMPLETED ===


=== REQUEST at 2026-01-24 09:56:09 ===
User ID: 5
Attempt ID from URL: 73
Raw POST data: {"eventtype":"TAB_SWITCH","warningcount":2,"duration":0}
Parsed - Event: TAB_SWITCH, Count from JS: 2, Duration: 0
Found/created log record ID: 150
BEFORE UPDATE - Tab: 1, Face: 0, Auto: 0
Tab switch event. Saving EXACT count from JS: 2
IMPORTANT: This is NOT an increment - this is the total count
Auto-submit flag: 0 (count=2 >= 3)
SQL will SET tab_switch_warning = 2 (REPLACE, not ADD)
Executing SQL with params: Array
(
    [tabwarning] => 2
    [autosubmit] => 0
    [lasttime] => 1769244970
    [id] => 150
)

SQL executed successfully
AFTER UPDATE - Tab: 2, Face: 0, Auto: 0
✓ SUCCESS: Tab warning saved correctly as 2
=== REQUEST COMPLETED ===


=== REQUEST at 2026-01-24 09:56:11 ===
User ID: 5
Attempt ID from URL: 73
Raw POST data: {"eventtype":"TAB_SWITCH","warningcount":3,"duration":0}
Parsed - Event: TAB_SWITCH, Count from JS: 3, Duration: 0
Found/created log record ID: 150
BEFORE UPDATE - Tab: 2, Face: 0, Auto: 0
Tab switch event. Saving EXACT count from JS: 3
IMPORTANT: This is NOT an increment - this is the total count
Auto-submit flag: 0 (count=3 >= 3)
SQL will SET tab_switch_warning = 3 (REPLACE, not ADD)
Executing SQL with params: Array
(
    [tabwarning] => 3
    [autosubmit] => 0
    [lasttime] => 1769244972
    [id] => 150
)

SQL executed successfully
AFTER UPDATE - Tab: 3, Face: 0, Auto: 0
✓ SUCCESS: Tab warning saved correctly as 3
=== REQUEST COMPLETED ===


=== REQUEST at 2026-01-24 09:56:14 ===
User ID: 5
Attempt ID from URL: 73
Raw POST data: {"eventtype":"TAB_SWITCH","warningcount":4,"duration":0}
Parsed - Event: TAB_SWITCH, Count from JS: 4, Duration: 0
Found/created log record ID: 150
BEFORE UPDATE - Tab: 3, Face: 0, Auto: 0
Tab switch event. Saving EXACT count from JS: 4
IMPORTANT: This is NOT an increment - this is the total count
Auto-submit flag: 0 (count=4 >= 3)
SQL will SET tab_switch_warning = 4 (REPLACE, not ADD)
Executing SQL with params: Array
(
    [tabwarning] => 4
    [autosubmit] => 0
    [lasttime] => 1769244974
    [id] => 150
)

SQL executed successfully
AFTER UPDATE - Tab: 4, Face: 0, Auto: 0
✓ SUCCESS: Tab warning saved correctly as 4
=== REQUEST COMPLETED ===


=== REQUEST at 2026-01-24 09:56:16 ===
User ID: 5
Attempt ID from URL: 73
Raw POST data: {"eventtype":"TAB_SWITCH","warningcount":5,"duration":0}
Parsed - Event: TAB_SWITCH, Count from JS: 5, Duration: 0
Found/created log record ID: 150
BEFORE UPDATE - Tab: 4, Face: 0, Auto: 0
Tab switch event. Saving EXACT count from JS: 5
IMPORTANT: This is NOT an increment - this is the total count
Auto-submit flag: 1 (count=5 >= 3)
SQL will SET tab_switch_warning = 5 (REPLACE, not ADD)
Executing SQL with params: Array
(
    [tabwarning] => 5
    [autosubmit] => 1
    [lasttime] => 1769244976
    [id] => 150
)

SQL executed successfully
AFTER UPDATE - Tab: 5, Face: 0, Auto: 1
✓ SUCCESS: Tab warning saved correctly as 5
=== REQUEST COMPLETED ===


=== REQUEST at 2026-01-24 09:58:50 ===
User ID: 5
Attempt ID from URL: 74
Raw POST data: {"eventtype":"TAB_SWITCH","warningcount":1,"duration":0}
Parsed - Event: TAB_SWITCH, Count from JS: 1, Duration: 0
Found/created log record ID: 171
BEFORE UPDATE - Tab: 0, Face: 0, Auto: 0
Tab switch event. Saving EXACT count from JS: 1
IMPORTANT: This is NOT an increment - this is the total count
Auto-submit flag: 0 (count=1 >= 3)
SQL will SET tab_switch_warning = 1 (REPLACE, not ADD)
Executing SQL with params: Array
(
    [tabwarning] => 1
    [autosubmit] => 0
    [lasttime] => 1769245131
    [id] => 171
)

SQL executed successfully
AFTER UPDATE - Tab: 1, Face: 0, Auto: 0
✓ SUCCESS: Tab warning saved correctly as 1
=== REQUEST COMPLETED ===


=== REQUEST at 2026-01-24 09:58:54 ===
User ID: 5
Attempt ID from URL: 74
Raw POST data: {"eventtype":"TAB_SWITCH","warningcount":2,"duration":0}
Parsed - Event: TAB_SWITCH, Count from JS: 2, Duration: 0
Found/created log record ID: 171
BEFORE UPDATE - Tab: 1, Face: 0, Auto: 0
Tab switch event. Saving EXACT count from JS: 2
IMPORTANT: This is NOT an increment - this is the total count
Auto-submit flag: 0 (count=2 >= 3)
SQL will SET tab_switch_warning = 2 (REPLACE, not ADD)
Executing SQL with params: Array
(
    [tabwarning] => 2
    [autosubmit] => 0
    [lasttime] => 1769245134
    [id] => 171
)

SQL executed successfully
AFTER UPDATE - Tab: 2, Face: 0, Auto: 0
✓ SUCCESS: Tab warning saved correctly as 2
=== REQUEST COMPLETED ===


=== REQUEST at 2026-01-24 09:58:59 ===
User ID: 5
Attempt ID from URL: 74
Raw POST data: {"eventtype":"TAB_SWITCH","warningcount":3,"duration":0}
Parsed - Event: TAB_SWITCH, Count from JS: 3, Duration: 0
Found/created log record ID: 171
BEFORE UPDATE - Tab: 2, Face: 0, Auto: 0
Tab switch event. Saving EXACT count from JS: 3
IMPORTANT: This is NOT an increment - this is the total count
Auto-submit flag: 0 (count=3 >= 3)
SQL will SET tab_switch_warning = 3 (REPLACE, not ADD)
Executing SQL with params: Array
(
    [tabwarning] => 3
    [autosubmit] => 0
    [lasttime] => 1769245139
    [id] => 171
)

SQL executed successfully
AFTER UPDATE - Tab: 3, Face: 0, Auto: 0
✓ SUCCESS: Tab warning saved correctly as 3
=== REQUEST COMPLETED ===


=== REQUEST at 2026-01-24 09:59:07 ===
User ID: 5
Attempt ID from URL: 74
Raw POST data: {"eventtype":"TAB_SWITCH","warningcount":1,"duration":0}
Parsed - Event: TAB_SWITCH, Count from JS: 1, Duration: 0
Found/created log record ID: 171
BEFORE UPDATE - Tab: 3, Face: 0, Auto: 0
Tab switch event. Saving EXACT count from JS: 1
IMPORTANT: This is NOT an increment - this is the total count
Auto-submit flag: 0 (count=1 >= 3)
SQL will SET tab_switch_warning = 1 (REPLACE, not ADD)
Executing SQL with params: Array
(
    [tabwarning] => 1
    [autosubmit] => 0
    [lasttime] => 1769245147
    [id] => 171
)

SQL executed successfully
AFTER UPDATE - Tab: 1, Face: 0, Auto: 0
✓ SUCCESS: Tab warning saved correctly as 1
=== REQUEST COMPLETED ===


=== REQUEST at 2026-01-24 09:59:12 ===
User ID: 5
Attempt ID from URL: 74
Raw POST data: {"eventtype":"TAB_SWITCH","warningcount":2,"duration":0}
Parsed - Event: TAB_SWITCH, Count from JS: 2, Duration: 0
Found/created log record ID: 171
BEFORE UPDATE - Tab: 1, Face: 0, Auto: 0
Tab switch event. Saving EXACT count from JS: 2
IMPORTANT: This is NOT an increment - this is the total count
Auto-submit flag: 0 (count=2 >= 3)
SQL will SET tab_switch_warning = 2 (REPLACE, not ADD)
Executing SQL with params: Array
(
    [tabwarning] => 2
    [autosubmit] => 0
    [lasttime] => 1769245152
    [id] => 171
)

SQL executed successfully
AFTER UPDATE - Tab: 2, Face: 0, Auto: 0
✓ SUCCESS: Tab warning saved correctly as 2
=== REQUEST COMPLETED ===


=== REQUEST at 2026-01-24 09:59:16 ===
User ID: 5
Attempt ID from URL: 74
Raw POST data: {"eventtype":"TAB_SWITCH","warningcount":3,"duration":0}
Parsed - Event: TAB_SWITCH, Count from JS: 3, Duration: 0
Found/created log record ID: 171
BEFORE UPDATE - Tab: 2, Face: 0, Auto: 0
Tab switch event. Saving EXACT count from JS: 3
IMPORTANT: This is NOT an increment - this is the total count
Auto-submit flag: 0 (count=3 >= 3)
SQL will SET tab_switch_warning = 3 (REPLACE, not ADD)
Executing SQL with params: Array
(
    [tabwarning] => 3
    [autosubmit] => 0
    [lasttime] => 1769245157
    [id] => 171
)

SQL executed successfully
AFTER UPDATE - Tab: 3, Face: 0, Auto: 0
✓ SUCCESS: Tab warning saved correctly as 3
=== REQUEST COMPLETED ===


=== REQUEST at 2026-01-24 10:02:42 ===
User ID: 3
Attempt ID from URL: 75
Raw POST data: {"eventtype":"TAB_SWITCH","warningcount":1,"duration":0}
Parsed - Event: TAB_SWITCH, Count from JS: 1, Duration: 0
Found/created log record ID: 172
BEFORE UPDATE - Tab: 0, Face: 0, Auto: 0
Tab switch event. Saving EXACT count from JS: 1
IMPORTANT: This is NOT an increment - this is the total count
Auto-submit flag: 0 (count=1 >= 3)
SQL will SET tab_switch_warning = 1 (REPLACE, not ADD)
Executing SQL with params: Array
(
    [tabwarning] => 1
    [autosubmit] => 0
    [lasttime] => 1769245362
    [id] => 172
)

SQL executed successfully
AFTER UPDATE - Tab: 1, Face: 0, Auto: 0
✓ SUCCESS: Tab warning saved correctly as 1
=== REQUEST COMPLETED ===


=== REQUEST at 2026-01-24 10:02:44 ===
User ID: 3
Attempt ID from URL: 75
Raw POST data: {"eventtype":"TAB_SWITCH","warningcount":2,"duration":0}
Parsed - Event: TAB_SWITCH, Count from JS: 2, Duration: 0
Found/created log record ID: 172
BEFORE UPDATE - Tab: 1, Face: 0, Auto: 0
Tab switch event. Saving EXACT count from JS: 2
IMPORTANT: This is NOT an increment - this is the total count
Auto-submit flag: 0 (count=2 >= 3)
SQL will SET tab_switch_warning = 2 (REPLACE, not ADD)
Executing SQL with params: Array
(
    [tabwarning] => 2
    [autosubmit] => 0
    [lasttime] => 1769245364
    [id] => 172
)

SQL executed successfully
AFTER UPDATE - Tab: 2, Face: 0, Auto: 0
✓ SUCCESS: Tab warning saved correctly as 2
=== REQUEST COMPLETED ===


=== REQUEST at 2026-01-24 10:02:53 ===
User ID: 3
Attempt ID from URL: 75
Raw POST data: {"eventtype":"NO_FACE","warningcount":1,"duration":0}
Parsed - Event: NO_FACE, Count from JS: 1, Duration: 0
Found/created log record ID: 172
BEFORE UPDATE - Tab: 2, Face: 0, Auto: 0
Face not detected. Saving count: 1
Executing SQL with params: Array
(
    [facewarning] => 1
    [lasttime] => 1769245373
    [id] => 172
)

SQL executed successfully
AFTER UPDATE - Tab: 2, Face: 1, Auto: 0
✓ SUCCESS: Face warning saved correctly as 1
=== REQUEST COMPLETED ===


=== REQUEST at 2026-01-24 10:03:01 ===
User ID: 3
Attempt ID from URL: 75
Raw POST data: {"eventtype":"TAB_SWITCH","warningcount":3,"duration":0}
Parsed - Event: TAB_SWITCH, Count from JS: 3, Duration: 0
Found/created log record ID: 172
BEFORE UPDATE - Tab: 2, Face: 1, Auto: 0
Tab switch event. Saving EXACT count from JS: 3
IMPORTANT: This is NOT an increment - this is the total count
Auto-submit flag: 0 (count=3 >= 3)
SQL will SET tab_switch_warning = 3 (REPLACE, not ADD)
Executing SQL with params: Array
(
    [tabwarning] => 3
    [autosubmit] => 0
    [lasttime] => 1769245382
    [id] => 172
)

SQL executed successfully
AFTER UPDATE - Tab: 3, Face: 1, Auto: 0
✓ SUCCESS: Tab warning saved correctly as 3
=== REQUEST COMPLETED ===


=== REQUEST at 2026-01-24 10:05:35 ===
User ID: 3
Attempt ID from URL: 76
Raw POST data: {"eventtype":"TAB_SWITCH","warningcount":1,"duration":0}
Parsed - Event: TAB_SWITCH, Count from JS: 1, Duration: 0
Found/created log record ID: 173
BEFORE UPDATE - Tab: 0, Face: 0, Auto: 0
Tab switch event. Saving EXACT count from JS: 1
IMPORTANT: This is NOT an increment - this is the total count
Auto-submit flag: 0 (count=1 >= 3)
SQL will SET tab_switch_warning = 1 (REPLACE, not ADD)
Executing SQL with params: Array
(
    [tabwarning] => 1
    [autosubmit] => 0
    [lasttime] => 1769245535
    [id] => 173
)

SQL executed successfully
AFTER UPDATE - Tab: 1, Face: 0, Auto: 0
✓ SUCCESS: Tab warning saved correctly as 1
=== REQUEST COMPLETED ===


=== REQUEST at 2026-01-24 10:05:38 ===
User ID: 3
Attempt ID from URL: 76
Raw POST data: {"eventtype":"TAB_SWITCH","warningcount":2,"duration":0}
Parsed - Event: TAB_SWITCH, Count from JS: 2, Duration: 0
Found/created log record ID: 173
BEFORE UPDATE - Tab: 1, Face: 0, Auto: 0
Tab switch event. Saving EXACT count from JS: 2
IMPORTANT: This is NOT an increment - this is the total count
Auto-submit flag: 0 (count=2 >= 3)
SQL will SET tab_switch_warning = 2 (REPLACE, not ADD)
Executing SQL with params: Array
(
    [tabwarning] => 2
    [autosubmit] => 0
    [lasttime] => 1769245538
    [id] => 173
)

SQL executed successfully
AFTER UPDATE - Tab: 2, Face: 0, Auto: 0
✓ SUCCESS: Tab warning saved correctly as 2
=== REQUEST COMPLETED ===


=== REQUEST at 2026-01-24 10:05:42 ===
User ID: 3
Attempt ID from URL: 76
Raw POST data: {"eventtype":"TAB_SWITCH","warningcount":3,"duration":0}
Parsed - Event: TAB_SWITCH, Count from JS: 3, Duration: 0
Found/created log record ID: 173
BEFORE UPDATE - Tab: 2, Face: 0, Auto: 0
Tab switch event. Saving EXACT count from JS: 3
IMPORTANT: This is NOT an increment - this is the total count
Auto-submit flag: 0 (count=3 >= 3)
SQL will SET tab_switch_warning = 3 (REPLACE, not ADD)
Executing SQL with params: Array
(
    [tabwarning] => 3
    [autosubmit] => 0
    [lasttime] => 1769245542
    [id] => 173
)

SQL executed successfully
AFTER UPDATE - Tab: 3, Face: 0, Auto: 0
✓ SUCCESS: Tab warning saved correctly as 3
=== REQUEST COMPLETED ===


=== REQUEST at 2026-01-24 10:05:44 ===
User ID: 3
Attempt ID from URL: 76
Raw POST data: {"eventtype":"TAB_SWITCH","warningcount":4,"duration":0}
Parsed - Event: TAB_SWITCH, Count from JS: 4, Duration: 0
Found/created log record ID: 173
BEFORE UPDATE - Tab: 3, Face: 0, Auto: 0
Tab switch event. Saving EXACT count from JS: 4
IMPORTANT: This is NOT an increment - this is the total count
Auto-submit flag: 0 (count=4 >= 3)
SQL will SET tab_switch_warning = 4 (REPLACE, not ADD)
Executing SQL with params: Array
(
    [tabwarning] => 4
    [autosubmit] => 0
    [lasttime] => 1769245545
    [id] => 173
)

SQL executed successfully
AFTER UPDATE - Tab: 4, Face: 0, Auto: 0
✓ SUCCESS: Tab warning saved correctly as 4
=== REQUEST COMPLETED ===


=== REQUEST at 2026-01-24 10:05:46 ===
User ID: 3
Attempt ID from URL: 76
Raw POST data: {"eventtype":"TAB_SWITCH","warningcount":5,"duration":0}
Parsed - Event: TAB_SWITCH, Count from JS: 5, Duration: 0
Found/created log record ID: 173
BEFORE UPDATE - Tab: 4, Face: 0, Auto: 0
Tab switch event. Saving EXACT count from JS: 5
IMPORTANT: This is NOT an increment - this is the total count
Auto-submit flag: 1 (count=5 >= 3)
SQL will SET tab_switch_warning = 5 (REPLACE, not ADD)
Executing SQL with params: Array
(
    [tabwarning] => 5
    [autosubmit] => 1
    [lasttime] => 1769245547
    [id] => 173
)

SQL executed successfully
AFTER UPDATE - Tab: 5, Face: 0, Auto: 1
✓ SUCCESS: Tab warning saved correctly as 5
=== REQUEST COMPLETED ===


=== REQUEST at 2026-01-24 15:30:28 ===
User ID: 2
BLOCKED: Admin user detected


=== REQUEST at 2026-01-24 15:30:41 ===
User ID: 2
BLOCKED: Admin user detected


=== REQUEST at 2026-01-24 15:31:46 ===
User ID: 2
BLOCKED: Admin user detected


=== REQUEST at 2026-01-24 15:32:29 ===
User ID: 2
BLOCKED: Admin user detected


=== REQUEST at 2026-01-25 10:39:14 ===
User ID: 3
Attempt ID from URL: 77
Raw POST data: {"eventtype":"NO_FACE","warningcount":1,"duration":0}
Parsed - Event: NO_FACE, Count from JS: 1, Duration: 0
Found/created log record ID: 178
BEFORE UPDATE - Tab: 0, Face: 0, Auto: 0
Face not detected. Saving count: 1
Executing SQL with params: Array
(
    [facewarning] => 1
    [lasttime] => 1769333955
    [id] => 178
)

SQL executed successfully
AFTER UPDATE - Tab: 0, Face: 1, Auto: 0
✓ SUCCESS: Face warning saved correctly as 1
=== REQUEST COMPLETED ===


=== REQUEST at 2026-01-25 10:39:19 ===
User ID: 3
Attempt ID from URL: 77
Raw POST data: {"eventtype":"NO_FACE","warningcount":2,"duration":0}
Parsed - Event: NO_FACE, Count from JS: 2, Duration: 0
Found/created log record ID: 178
BEFORE UPDATE - Tab: 0, Face: 1, Auto: 0
Face not detected. Saving count: 2
Executing SQL with params: Array
(
    [facewarning] => 2
    [lasttime] => 1769333960
    [id] => 178
)

SQL executed successfully
AFTER UPDATE - Tab: 0, Face: 2, Auto: 0
✓ SUCCESS: Face warning saved correctly as 2
=== REQUEST COMPLETED ===


=== REQUEST at 2026-01-25 10:39:28 ===
User ID: 3
Attempt ID from URL: 77
Raw POST data: {"eventtype":"TAB_SWITCH","warningcount":1,"duration":0}
Parsed - Event: TAB_SWITCH, Count from JS: 1, Duration: 0
Found/created log record ID: 178
BEFORE UPDATE - Tab: 0, Face: 2, Auto: 0
Tab switch event. Saving EXACT count from JS: 1
IMPORTANT: This is NOT an increment - this is the total count
Auto-submit flag: 0 (count=1 >= 3)
SQL will SET tab_switch_warning = 1 (REPLACE, not ADD)
Executing SQL with params: Array
(
    [tabwarning] => 1
    [autosubmit] => 0
    [lasttime] => 1769333968
    [id] => 178
)

SQL executed successfully
AFTER UPDATE - Tab: 1, Face: 2, Auto: 0
✓ SUCCESS: Tab warning saved correctly as 1
=== REQUEST COMPLETED ===


=== REQUEST at 2026-01-25 10:39:34 ===
User ID: 3
Attempt ID from URL: 77
Raw POST data: {"eventtype":"TAB_SWITCH","warningcount":2,"duration":0}
Parsed - Event: TAB_SWITCH, Count from JS: 2, Duration: 0
Found/created log record ID: 178
BEFORE UPDATE - Tab: 1, Face: 2, Auto: 0
Tab switch event. Saving EXACT count from JS: 2
IMPORTANT: This is NOT an increment - this is the total count
Auto-submit flag: 0 (count=2 >= 3)
SQL will SET tab_switch_warning = 2 (REPLACE, not ADD)
Executing SQL with params: Array
(
    [tabwarning] => 2
    [autosubmit] => 0
    [lasttime] => 1769333974
    [id] => 178
)

SQL executed successfully
AFTER UPDATE - Tab: 2, Face: 2, Auto: 0
✓ SUCCESS: Tab warning saved correctly as 2
=== REQUEST COMPLETED ===


=== REQUEST at 2026-01-25 10:39:38 ===
User ID: 3
Attempt ID from URL: 77
Raw POST data: {"eventtype":"TAB_SWITCH","warningcount":3,"duration":0}
Parsed - Event: TAB_SWITCH, Count from JS: 3, Duration: 0
Found/created log record ID: 178
BEFORE UPDATE - Tab: 2, Face: 2, Auto: 0
Tab switch event. Saving EXACT count from JS: 3
IMPORTANT: This is NOT an increment - this is the total count
Auto-submit flag: 0 (count=3 >= 3)
SQL will SET tab_switch_warning = 3 (REPLACE, not ADD)
Executing SQL with params: Array
(
    [tabwarning] => 3
    [autosubmit] => 0
    [lasttime] => 1769333978
    [id] => 178
)

SQL executed successfully
AFTER UPDATE - Tab: 3, Face: 2, Auto: 0
✓ SUCCESS: Tab warning saved correctly as 3
=== REQUEST COMPLETED ===


=== REQUEST at 2026-01-25 10:39:41 ===
User ID: 3
Attempt ID from URL: 77
Raw POST data: {"eventtype":"TAB_SWITCH","warningcount":4,"duration":0}
Parsed - Event: TAB_SWITCH, Count from JS: 4, Duration: 0
Found/created log record ID: 178
BEFORE UPDATE - Tab: 3, Face: 2, Auto: 0
Tab switch event. Saving EXACT count from JS: 4
IMPORTANT: This is NOT an increment - this is the total count
Auto-submit flag: 0 (count=4 >= 3)
SQL will SET tab_switch_warning = 4 (REPLACE, not ADD)
Executing SQL with params: Array
(
    [tabwarning] => 4
    [autosubmit] => 0
    [lasttime] => 1769333981
    [id] => 178
)

SQL executed successfully
AFTER UPDATE - Tab: 4, Face: 2, Auto: 0
✓ SUCCESS: Tab warning saved correctly as 4
=== REQUEST COMPLETED ===


=== REQUEST at 2026-01-25 10:39:43 ===
User ID: 3
Attempt ID from URL: 77
Raw POST data: {"eventtype":"TAB_SWITCH","warningcount":5,"duration":0}
Parsed - Event: TAB_SWITCH, Count from JS: 5, Duration: 0
Found/created log record ID: 178
BEFORE UPDATE - Tab: 4, Face: 2, Auto: 0
Tab switch event. Saving EXACT count from JS: 5
IMPORTANT: This is NOT an increment - this is the total count
Auto-submit flag: 1 (count=5 >= 3)
SQL will SET tab_switch_warning = 5 (REPLACE, not ADD)
Executing SQL with params: Array
(
    [tabwarning] => 5
    [autosubmit] => 1
    [lasttime] => 1769333983
    [id] => 178
)

SQL executed successfully
AFTER UPDATE - Tab: 5, Face: 2, Auto: 1
✓ SUCCESS: Tab warning saved correctly as 5
=== REQUEST COMPLETED ===


=== REQUEST at 2026-01-26 08:03:55 ===
User ID: 3
Attempt ID from URL: 78
Raw POST data: {"eventtype":"TAB_SWITCH","warningcount":1,"duration":0}
Parsed - Event: TAB_SWITCH, Count from JS: 1, Duration: 0
Found/created log record ID: 179
BEFORE UPDATE - Tab: 0, Face: 0, Auto: 0
Tab switch event. Saving EXACT count from JS: 1
IMPORTANT: This is NOT an increment - this is the total count
Auto-submit flag: 0 (count=1 >= 3)
SQL will SET tab_switch_warning = 1 (REPLACE, not ADD)
Executing SQL with params: Array
(
    [tabwarning] => 1
    [autosubmit] => 0
    [lasttime] => 1769411035
    [id] => 179
)

SQL executed successfully
AFTER UPDATE - Tab: 1, Face: 0, Auto: 0
✓ SUCCESS: Tab warning saved correctly as 1
=== REQUEST COMPLETED ===


=== REQUEST at 2026-01-26 08:03:57 ===
User ID: 3
Attempt ID from URL: 78
Raw POST data: {"eventtype":"TAB_SWITCH","warningcount":2,"duration":0}
Parsed - Event: TAB_SWITCH, Count from JS: 2, Duration: 0
Found/created log record ID: 179
BEFORE UPDATE - Tab: 1, Face: 0, Auto: 0
Tab switch event. Saving EXACT count from JS: 2
IMPORTANT: This is NOT an increment - this is the total count
Auto-submit flag: 0 (count=2 >= 3)
SQL will SET tab_switch_warning = 2 (REPLACE, not ADD)
Executing SQL with params: Array
(
    [tabwarning] => 2
    [autosubmit] => 0
    [lasttime] => 1769411037
    [id] => 179
)

SQL executed successfully
AFTER UPDATE - Tab: 2, Face: 0, Auto: 0
✓ SUCCESS: Tab warning saved correctly as 2
=== REQUEST COMPLETED ===


=== REQUEST at 2026-01-26 08:03:58 ===
User ID: 3
Attempt ID from URL: 78
Raw POST data: {"eventtype":"NO_FACE","warningcount":1,"duration":0}
Parsed - Event: NO_FACE, Count from JS: 1, Duration: 0
Found/created log record ID: 179
BEFORE UPDATE - Tab: 2, Face: 0, Auto: 0
Face not detected. Saving count: 1
Executing SQL with params: Array
(
    [facewarning] => 1
    [lasttime] => 1769411038
    [id] => 179
)

SQL executed successfully
AFTER UPDATE - Tab: 2, Face: 1, Auto: 0
✓ SUCCESS: Face warning saved correctly as 1
=== REQUEST COMPLETED ===


=== REQUEST at 2026-01-26 08:04:03 ===
User ID: 3
Attempt ID from URL: 78
Raw POST data: {"eventtype":"TAB_SWITCH","warningcount":3,"duration":0}
Parsed - Event: TAB_SWITCH, Count from JS: 3, Duration: 0
Found/created log record ID: 179
BEFORE UPDATE - Tab: 2, Face: 1, Auto: 0
Tab switch event. Saving EXACT count from JS: 3
IMPORTANT: This is NOT an increment - this is the total count
Auto-submit flag: 0 (count=3 >= 3)
SQL will SET tab_switch_warning = 3 (REPLACE, not ADD)
Executing SQL with params: Array
(
    [tabwarning] => 3
    [autosubmit] => 0
    [lasttime] => 1769411043
    [id] => 179
)

SQL executed successfully
AFTER UPDATE - Tab: 3, Face: 1, Auto: 0
✓ SUCCESS: Tab warning saved correctly as 3
=== REQUEST COMPLETED ===


=== REQUEST at 2026-01-26 08:04:05 ===
User ID: 3
Attempt ID from URL: 78
Raw POST data: {"eventtype":"TAB_SWITCH","warningcount":4,"duration":0}
Parsed - Event: TAB_SWITCH, Count from JS: 4, Duration: 0
Found/created log record ID: 179
BEFORE UPDATE - Tab: 3, Face: 1, Auto: 0
Tab switch event. Saving EXACT count from JS: 4
IMPORTANT: This is NOT an increment - this is the total count
Auto-submit flag: 0 (count=4 >= 3)
SQL will SET tab_switch_warning = 4 (REPLACE, not ADD)
Executing SQL with params: Array
(
    [tabwarning] => 4
    [autosubmit] => 0
    [lasttime] => 1769411046
    [id] => 179
)

SQL executed successfully
AFTER UPDATE - Tab: 4, Face: 1, Auto: 0
✓ SUCCESS: Tab warning saved correctly as 4
=== REQUEST COMPLETED ===


=== REQUEST at 2026-01-26 08:04:12 ===
User ID: 3
Attempt ID from URL: 78
Raw POST data: {"eventtype":"NO_FACE","warningcount":2,"duration":0}
Parsed - Event: NO_FACE, Count from JS: 2, Duration: 0
Found/created log record ID: 179
BEFORE UPDATE - Tab: 4, Face: 1, Auto: 0
Face not detected. Saving count: 2
Executing SQL with params: Array
(
    [facewarning] => 2
    [lasttime] => 1769411053
    [id] => 179
)

SQL executed successfully
AFTER UPDATE - Tab: 4, Face: 2, Auto: 0
✓ SUCCESS: Face warning saved correctly as 2
=== REQUEST COMPLETED ===


=== REQUEST at 2026-01-26 08:04:16 ===
User ID: 3
Attempt ID from URL: 78
Raw POST data: {"eventtype":"TAB_SWITCH","warningcount":5,"duration":0}
Parsed - Event: TAB_SWITCH, Count from JS: 5, Duration: 0
Found/created log record ID: 179
BEFORE UPDATE - Tab: 4, Face: 2, Auto: 0
Tab switch event. Saving EXACT count from JS: 5
IMPORTANT: This is NOT an increment - this is the total count
Auto-submit flag: 1 (count=5 >= 3)
SQL will SET tab_switch_warning = 5 (REPLACE, not ADD)
Executing SQL with params: Array
(
    [tabwarning] => 5
    [autosubmit] => 1
    [lasttime] => 1769411056
    [id] => 179
)

SQL executed successfully
AFTER UPDATE - Tab: 5, Face: 2, Auto: 1
✓ SUCCESS: Tab warning saved correctly as 5
=== REQUEST COMPLETED ===


=== REQUEST at 2026-02-07 06:59:52 ===
User ID: 3
Attempt ID from URL: 79
Raw POST data: {"eventtype":"TAB_SWITCH","warningcount":1,"duration":0}
Parsed - Event: TAB_SWITCH, Count from JS: 1, Duration: 0
Found/created log record ID: 180
BEFORE UPDATE - Tab: 0, Face: 0, Auto: 0
Tab switch event. Saving EXACT count from JS: 1
IMPORTANT: This is NOT an increment - this is the total count
Auto-submit flag: 0 (count=1 >= 3)
SQL will SET tab_switch_warning = 1 (REPLACE, not ADD)
Executing SQL with params: Array
(
    [tabwarning] => 1
    [autosubmit] => 0
    [lasttime] => 1770443992
    [id] => 180
)

SQL executed successfully
AFTER UPDATE - Tab: 1, Face: 0, Auto: 0
✓ SUCCESS: Tab warning saved correctly as 1
=== REQUEST COMPLETED ===


=== REQUEST at 2026-02-07 06:59:57 ===
User ID: 3
Attempt ID from URL: 79
Raw POST data: {"eventtype":"TAB_SWITCH","warningcount":2,"duration":0}
Parsed - Event: TAB_SWITCH, Count from JS: 2, Duration: 0
Found/created log record ID: 180
BEFORE UPDATE - Tab: 1, Face: 0, Auto: 0
Tab switch event. Saving EXACT count from JS: 2
IMPORTANT: This is NOT an increment - this is the total count
Auto-submit flag: 0 (count=2 >= 3)
SQL will SET tab_switch_warning = 2 (REPLACE, not ADD)
Executing SQL with params: Array
(
    [tabwarning] => 2
    [autosubmit] => 0
    [lasttime] => 1770443997
    [id] => 180
)

SQL executed successfully
AFTER UPDATE - Tab: 2, Face: 0, Auto: 0
✓ SUCCESS: Tab warning saved correctly as 2
=== REQUEST COMPLETED ===


=== REQUEST at 2026-02-07 07:00:01 ===
User ID: 3
Attempt ID from URL: 79
Raw POST data: {"eventtype":"TAB_SWITCH","warningcount":3,"duration":0}
Parsed - Event: TAB_SWITCH, Count from JS: 3, Duration: 0
Found/created log record ID: 180
BEFORE UPDATE - Tab: 2, Face: 0, Auto: 0
Tab switch event. Saving EXACT count from JS: 3
IMPORTANT: This is NOT an increment - this is the total count
Auto-submit flag: 0 (count=3 >= 3)
SQL will SET tab_switch_warning = 3 (REPLACE, not ADD)
Executing SQL with params: Array
(
    [tabwarning] => 3
    [autosubmit] => 0
    [lasttime] => 1770444002
    [id] => 180
)

SQL executed successfully
AFTER UPDATE - Tab: 3, Face: 0, Auto: 0
✓ SUCCESS: Tab warning saved correctly as 3
=== REQUEST COMPLETED ===


=== REQUEST at 2026-02-07 07:16:37 ===
User ID: 3
Attempt ID from URL: 80
Raw POST data: {"eventtype":"TAB_SWITCH","warningcount":1,"duration":0}
Parsed - Event: TAB_SWITCH, Count from JS: 1, Duration: 0
Found/created log record ID: 181
BEFORE UPDATE - Tab: 0, Face: 0, Auto: 0
Tab switch event. Saving EXACT count from JS: 1
IMPORTANT: This is NOT an increment - this is the total count
Auto-submit flag: 0 (count=1 >= 3)
SQL will SET tab_switch_warning = 1 (REPLACE, not ADD)
Executing SQL with params: Array
(
    [tabwarning] => 1
    [autosubmit] => 0
    [lasttime] => 1770444997
    [id] => 181
)

SQL executed successfully
AFTER UPDATE - Tab: 1, Face: 0, Auto: 0
✓ SUCCESS: Tab warning saved correctly as 1
=== REQUEST COMPLETED ===


=== REQUEST at 2026-02-07 07:17:24 ===
User ID: 3
Attempt ID from URL: 80
Raw POST data: {"eventtype":"TAB_SWITCH","warningcount":1,"duration":0}
Parsed - Event: TAB_SWITCH, Count from JS: 1, Duration: 0
Found/created log record ID: 181
BEFORE UPDATE - Tab: 1, Face: 0, Auto: 0
Tab switch event. Saving EXACT count from JS: 1
IMPORTANT: This is NOT an increment - this is the total count
Auto-submit flag: 0 (count=1 >= 3)
SQL will SET tab_switch_warning = 1 (REPLACE, not ADD)
Executing SQL with params: Array
(
    [tabwarning] => 1
    [autosubmit] => 0
    [lasttime] => 1770445044
    [id] => 181
)

SQL executed successfully
AFTER UPDATE - Tab: 1, Face: 0, Auto: 0
✓ SUCCESS: Tab warning saved correctly as 1
=== REQUEST COMPLETED ===
